2026-09-07 07:50:22,790 [WARNING] core.settings: Settings SANDBOXED to /Users/Basti/Desktop/Create Chart Assessment/Test Runs/sandbox/chromiq-assessment.ini (CHROMIQ_SETTINGS_FILE is set) — the real preferences are untouched
2026-09-07 07:50:22,791 [DEBUG] core.settings: Settings loaded from /Users/Basti/Desktop/Create Chart Assessment/Test Runs/sandbox/chromiq-assessment.ini
2026-09-07 07:50:22,791 [DEBUG] ui.theme: Appearance applied: setting=neutral mode=neutral
2026-09-07 07:50:22,791 [INFO] assess: app built: v4.2.0 appearance=neutral lang=en settings=/Users/Basti/Desktop/Create Chart Assessment/Test Runs/sandbox/chromiq-assessment.ini
2026-09-07 07:50:23,227 [DEBUG] ui.dialogs.layout_options_panel: layout panel set_recipe: spacer=colored/True gaps=0.0/0.0  [_refresh_manual_command_preview:5501  ←  _init_manual_layout_panel:5630  ←  _set_engine_recipe:17986]
2026-09-07 07:50:23,248 [DEBUG] core.settings: settings.set helper_markers_show = False
2026-09-07 07:50:23,248 [DEBUG] core.settings: settings.set helper_marker_edge_mm = 2.0
2026-09-07 07:50:23,248 [DEBUG] core.settings: settings.set helper_marker_len_mm = 2.0
2026-09-07 07:50:23,248 [DEBUG] core.settings: settings.set helper_marker_per_patch = 3
2026-09-07 07:50:23,248 [DEBUG] core.settings: settings.set helper_markers_top_bottom = True
2026-09-07 07:50:23,248 [DEBUG] core.settings: settings.set helper_markers_sides = True
2026-09-07 07:50:23,265 [DEBUG] core.settings: settings.set helper_markers_show = False
2026-09-07 07:50:23,265 [DEBUG] core.settings: settings.set helper_marker_edge_mm = 2.0
2026-09-07 07:50:23,265 [DEBUG] core.settings: settings.set helper_marker_len_mm = 2.0
2026-09-07 07:50:23,265 [DEBUG] core.settings: settings.set helper_marker_per_patch = 3
2026-09-07 07:50:23,265 [DEBUG] core.settings: settings.set helper_markers_top_bottom = True
2026-09-07 07:50:23,265 [DEBUG] core.settings: settings.set helper_markers_sides = True
2026-09-07 07:50:24,613 [INFO] ui.main_window: MainWindow initialised
2026-09-07 07:50:25,128 [INFO] ui.main_window: ---- Tab → 1. Create Chart ----
2026-09-07 07:50:25,142 [DEBUG] ui.theme: Appearance applied: setting=neutral mode=neutral
2026-09-07 07:50:25,283 [INFO] ui.main_window: ---- Tab → 1. Create Chart ----
2026-09-07 07:50:29,486 [INFO] assess: name hint: ''  project_exists_lbl=''
2026-09-07 07:50:30,739 [INFO] assess:   -f set to 400 (auto=False)
2026-09-07 07:50:30,739 [INFO] assess: recipe before build: {"instrument": "i1", "paper": "A4", "dpi": 300, "randomize": true, "patch_area_align": "top-left", "pscale": 1.0, "margin_top": 38.0, "margin_right": 9.0, "margin_bottom": 19.0, "margin_left": 26.0, "use_instrument_margins": true, "layout_mode": "area_first", "area_method": "by_width", "clip_border": true, "clip_content_mode": "notes"}
2026-09-07 07:50:30,907 [INFO] assess:   shot Screenshots/A1-engine-vs-printtarg/01-engine-on-before-generate.png  (3400x2100)
2026-09-07 07:50:30,907 [INFO] assess:   armed: dialog ~'Give this project a name' -> click '<reject>' should NOT appear
2026-09-07 07:50:30,907 [INFO] assess:   armed: dialog ~'already' -> click 'Continue this project' should NOT appear for a new name
2026-09-07 07:50:30,907 [INFO] ui.tabs.tab_chart: chart build (Generate Chart) in manual: patch set targen | manual panel: A4, 0x0 grid, margins T38.0 R9.0 B19.0 L26.0
2026-09-07 07:50:30,911 [DEBUG] core.settings: settings.set session_ti3_path = ''
2026-09-07 07:50:30,911 [DEBUG] core.settings: settings.set session_icc_path = ''
2026-09-07 07:50:30,911 [DEBUG] core.settings: settings.set session_cal_ti3_path = ''
2026-09-07 07:50:30,912 [DEBUG] core.file_manager: Target name set to: A1-EngineVsPrinttarg (root /Users/Basti/ChromIQ-assessment/A1-EngineVsPrinttarg)
2026-09-07 07:50:30,913 [INFO] core.file_manager: created a NEW project 'A1-EngineVsPrinttarg' at /Users/Basti/ChromIQ-assessment/A1-EngineVsPrinttarg
2026-09-07 07:50:30,914 [INFO] core.file_manager: Created project at /Users/Basti/ChromIQ-assessment/A1-EngineVsPrinttarg
2026-09-07 07:50:30,914 [INFO] ui.tabs.tab_chart: run description + chart notes written to run1
2026-09-07 07:50:30,915 [INFO] ui.tabs.tab_chart: create-chart settings seeded into the new project's run1
2026-09-07 07:50:30,915 [INFO] workflow.chart_creator: Chart generation: 400 patches, instrument=i1 paper=A4 disable_lb=True
2026-09-07 07:50:30,915 [INFO] workflow.chart_creator: targen args: ['-v', '-d2', '-f400', '-e3', '-B3', '-G', '-g23', 'A1-EngineVsPrinttarg']
2026-09-07 07:50:30,915 [INFO] core.argyll_runner: Run: /Applications/Argyll/bin/targen -v -d2 -f400 -e3 -B3 -G -g23 A1-EngineVsPrinttarg  [cwd=/Users/Basti/ChromIQ-assessment/A1-EngineVsPrinttarg/runs/run1]
2026-09-07 07:50:30,977 [DEBUG] core.argyll_runner: [argyll] iRGB test chart
2026-09-07 07:50:30,977 [DEBUG] core.argyll_runner: [argyll] White patches = 3
2026-09-07 07:50:30,978 [DEBUG] core.argyll_runner: [argyll] Black patches = 3
2026-09-07 07:50:30,978 [DEBUG] core.argyll_runner: [argyll] Composite Grey steps = 23
2026-09-07 07:50:30,978 [DEBUG] core.argyll_runner: [argyll] Full spread patches = 400
2026-09-07 07:50:30,978 [DEBUG] core.argyll_runner: [argyll] Degree of adaptation: 0.100
2026-09-07 07:50:30,978 [DEBUG] core.argyll_runner: [argyll] Adaptation weights: Device = 0.935, Perceptual = 0.065, Curvature = 0.010
2026-09-07 07:50:30,978 [DEBUG] core.argyll_runner: [argyll] Perceptual cache resolution = 9
2026-09-07 07:50:30,979 [DEBUG] core.argyll_runner: [argyll] Seeding cache...done
2026-09-07 07:50:30,979 [DEBUG] core.argyll_runner: [argyll] Acceleration grid res = 8
2026-09-07 07:50:30,979 [DEBUG] core.argyll_runner: [argyll] 
2026-09-07 07:50:30,979 [DEBUG] core.argyll_runner: [argyll] There are 23 unique fixed points to add (27 total fixed points)
2026-09-07 07:50:30,979 [DEBUG] core.argyll_runner: [argyll] There are 373 far spread points to add
2026-09-07 07:50:30,979 [DEBUG] core.argyll_runner: [argyll] 
2026-09-07 07:50:30,979 [DEBUG] core.argyll_runner: [argyll] Added 12/396
2026-09-07 07:50:30,980 [DEBUG] core.argyll_runner: [argyll] Added 23/396
2026-09-07 07:50:30,980 [DEBUG] core.argyll_runner: [argyll] Added 34/396
2026-09-07 07:50:30,980 [DEBUG] core.argyll_runner: [argyll] Added 45/396
2026-09-07 07:50:30,981 [DEBUG] core.argyll_runner: [argyll] Added 56/396
2026-09-07 07:50:30,981 [DEBUG] core.argyll_runner: [argyll] Added 67/396
2026-09-07 07:50:30,982 [DEBUG] core.argyll_runner: [argyll] Added 78/396
2026-09-07 07:50:30,982 [DEBUG] core.argyll_runner: [argyll] Added 89/396
2026-09-07 07:50:30,983 [DEBUG] core.argyll_runner: [argyll] Added 100/396
2026-09-07 07:50:30,994 [DEBUG] core.argyll_runner: [argyll] 
2026-09-07 07:50:30,995 [DEBUG] core.argyll_runner: [argyll] Added 111/396
2026-09-07 07:50:30,995 [DEBUG] core.argyll_runner: [argyll] Added 122/396
2026-09-07 07:50:30,995 [DEBUG] core.argyll_runner: [argyll] Added 133/396
2026-09-07 07:50:30,995 [DEBUG] core.argyll_runner: [argyll] Added 144/396
2026-09-07 07:50:30,996 [DEBUG] core.argyll_runner: [argyll] Added 155/396
2026-09-07 07:50:30,996 [DEBUG] core.argyll_runner: [argyll] Added 166/396
2026-09-07 07:50:30,997 [DEBUG] core.argyll_runner: [argyll] Added 177/396
2026-09-07 07:50:30,997 [DEBUG] core.argyll_runner: [argyll] Added 188/396
2026-09-07 07:50:30,998 [DEBUG] core.argyll_runner: [argyll] Added 199/396
2026-09-07 07:50:30,999 [DEBUG] core.argyll_runner: [argyll] Added 210/396
2026-09-07 07:50:30,999 [DEBUG] core.argyll_runner: [argyll] Added 221/396
2026-09-07 07:50:31,000 [DEBUG] core.argyll_runner: [argyll] Added 232/396
2026-09-07 07:50:31,001 [DEBUG] core.argyll_runner: [argyll] Added 243/396
2026-09-07 07:50:31,003 [DEBUG] core.argyll_runner: [argyll] Added 254/396
2026-09-07 07:50:31,004 [DEBUG] core.argyll_runner: [argyll] Added 265/396
2026-09-07 07:50:31,005 [DEBUG] core.argyll_runner: [argyll] Added 276/396
2026-09-07 07:50:31,006 [DEBUG] core.argyll_runner: [argyll] Added 287/396
2026-09-07 07:50:31,008 [DEBUG] core.argyll_runner: [argyll] Added 298/396
2026-09-07 07:50:31,009 [DEBUG] core.argyll_runner: [argyll] Added 309/396
2026-09-07 07:50:31,011 [DEBUG] core.argyll_runner: [argyll] Added 320/396
2026-09-07 07:50:31,032 [DEBUG] core.argyll_runner: [argyll] 
2026-09-07 07:50:31,032 [DEBUG] core.argyll_runner: [argyll] Added 331/396
2026-09-07 07:50:31,033 [DEBUG] core.argyll_runner: [argyll] Added 342/396
2026-09-07 07:50:31,033 [DEBUG] core.argyll_runner: [argyll] Added 353/396
2026-09-07 07:50:31,033 [DEBUG] core.argyll_runner: [argyll] Added 364/396
2026-09-07 07:50:31,033 [DEBUG] core.argyll_runner: [argyll] Added 375/396
2026-09-07 07:50:31,034 [DEBUG] core.argyll_runner: [argyll] Added 386/396
2026-09-07 07:50:31,034 [DEBUG] core.argyll_runner: [argyll] Added 396/396
2026-09-07 07:50:31,662 [DEBUG] core.argyll_runner: [argyll] 
2026-09-07 07:50:31,662 [DEBUG] core.argyll_runner: [argyll] After seeding points: MinPoint = 5.993, Min = 4.800, Avg. = 11.935, Max = 15.686, 0.0 secs
2026-09-07 07:50:31,662 [DEBUG] core.argyll_runner: [argyll] Re-seeding
2026-09-07 07:50:31,663 [DEBUG] core.argyll_runner: [argyll] It 1: Maxmv = 0.100761, MinPoint = 3.268, Min = 3.715, Avg. = 11.873, Max = 15.971, 0.0 secs.
2026-09-07 07:50:31,663 [DEBUG] core.argyll_runner: [argyll] Re-seeding
2026-09-07 07:50:31,663 [DEBUG] core.argyll_runner: [argyll] It 2: Maxmv = 0.102174, MinPoint = 4.726, Min = 5.929, Avg. = 11.823, Max = 15.050, 0.0 secs.
2026-09-07 07:50:31,663 [DEBUG] core.argyll_runner: [argyll] Re-seeding
2026-09-07 07:50:31,664 [DEBUG] core.argyll_runner: [argyll] It 3: Maxmv = 0.084379, MinPoint = 5.717, Min = 5.494, Avg. = 11.784, Max = 15.467, 0.0 secs.
2026-09-07 07:50:31,664 [DEBUG] core.argyll_runner: [argyll] Re-seeding
2026-09-07 07:50:31,664 [DEBUG] core.argyll_runner: [argyll] It 4: Maxmv = 0.076331, MinPoint = 6.700, Min = 6.852, Avg. = 11.689, Max = 14.503, 0.0 secs.
2026-09-07 07:50:31,664 [DEBUG] core.argyll_runner: [argyll] Re-seeding
2026-09-07 07:50:31,664 [DEBUG] core.argyll_runner: [argyll] It 5: Maxmv = 0.065671, MinPoint = 7.570, Min = 6.319, Avg. = 11.672, Max = 15.483, 0.0 secs.
2026-09-07 07:50:31,665 [DEBUG] core.argyll_runner: [argyll] Re-seeding
2026-09-07 07:50:31,665 [DEBUG] core.argyll_runner: [argyll] It 6: Maxmv = 0.055767, MinPoint = 7.570, Min = 5.746, Avg. = 11.629, Max = 15.267, 0.0 secs.
2026-09-07 07:50:31,665 [DEBUG] core.argyll_runner: [argyll] Re-seeding
2026-09-07 07:50:31,665 [DEBUG] core.argyll_runner: [argyll] It 7: Maxmv = 0.061237, MinPoint = 7.570, Min = 6.960, Avg. = 11.577, Max = 14.788, 0.0 secs.
2026-09-07 07:50:31,666 [DEBUG] core.argyll_runner: [argyll] Re-seeding
2026-09-07 07:50:31,666 [DEBUG] core.argyll_runner: [argyll] It 8: Maxmv = 0.060963, MinPoint = 7.570, Min = 6.960, Avg. = 11.541, Max = 14.174, 0.0 secs.
2026-09-07 07:50:31,666 [DEBUG] core.argyll_runner: [argyll] Re-seeding
2026-09-07 07:50:31,666 [DEBUG] core.argyll_runner: [argyll] It 9: Maxmv = 0.046047, MinPoint = 7.570, Min = 6.960, Avg. = 11.492, Max = 14.168, 0.0 secs.
2026-09-07 07:50:31,667 [DEBUG] core.argyll_runner: [argyll] Re-seeding
2026-09-07 07:50:31,667 [DEBUG] core.argyll_runner: [argyll] It 10: Maxmv = 0.038290, MinPoint = 7.570, Min = 6.960, Avg. = 11.467, Max = 14.240, 0.0 secs.
2026-09-07 07:50:31,667 [DEBUG] core.argyll_runner: [argyll] Re-seeding
2026-09-07 07:50:31,667 [DEBUG] core.argyll_runner: [argyll] It 11: Maxmv = 0.036328, MinPoint = 7.570, Min = 6.960, Avg. = 11.445, Max = 14.048, 0.0 secs.
2026-09-07 07:50:31,667 [DEBUG] core.argyll_runner: [argyll] Re-seeding
2026-09-07 07:50:31,668 [DEBUG] core.argyll_runner: [argyll] It 12: Maxmv = 0.026130, MinPoint = 7.570, Min = 6.960, Avg. = 11.446, Max = 13.807, 0.0 secs.
2026-09-07 07:50:31,668 [DEBUG] core.argyll_runner: [argyll] Re-seeding
2026-09-07 07:50:31,668 [DEBUG] core.argyll_runner: [argyll] It 13: Maxmv = 0.021336, MinPoint = 7.570, Min = 6.960, Avg. = 11.423, Max = 13.621, 0.0 secs.
2026-09-07 07:50:31,668 [DEBUG] core.argyll_runner: [argyll] Re-seeding
2026-09-07 07:50:31,669 [DEBUG] core.argyll_runner: [argyll] It 14: Maxmv = 0.021763, MinPoint = 7.570, Min = 6.960, Avg. = 11.414, Max = 13.710, 0.0 secs.
2026-09-07 07:50:31,669 [DEBUG] core.argyll_runner: [argyll] Re-seeding
2026-09-07 07:50:31,669 [DEBUG] core.argyll_runner: [argyll] It 15: Maxmv = 0.017561, MinPoint = 7.570, Min = 6.960, Avg. = 11.413, Max = 13.642, 0.0 secs.
2026-09-07 07:50:31,669 [DEBUG] core.argyll_runner: [argyll] Re-seeding
2026-09-07 07:50:31,669 [DEBUG] core.argyll_runner: [argyll] It 16: Maxmv = 0.011767, MinPoint = 7.570, Min = 6.960, Avg. = 11.407, Max = 13.551, 0.0 secs.
2026-09-07 07:50:31,670 [DEBUG] core.argyll_runner: [argyll] Re-seeding
2026-09-07 07:50:31,670 [DEBUG] core.argyll_runner: [argyll] It 17: Maxmv = 0.009420, MinPoint = 7.570, Min = 6.960, Avg. = 11.414, Max = 13.519, 0.0 secs.
2026-09-07 07:50:31,670 [DEBUG] core.argyll_runner: [argyll] Re-seeding
2026-09-07 07:50:31,670 [DEBUG] core.argyll_runner: [argyll] It 18: Maxmv = 0.005286, MinPoint = 7.570, Min = 6.960, Avg. = 11.412, Max = 13.537, 0.0 secs.
2026-09-07 07:50:31,671 [DEBUG] core.argyll_runner: [argyll] Re-seeding
2026-09-07 07:50:31,671 [DEBUG] core.argyll_runner: [argyll] It 19: Maxmv = 0.001856, MinPoint = 7.570, Min = 6.960, Avg. = 11.414, Max = 13.538, 0.0 secs.
2026-09-07 07:50:31,671 [DEBUG] core.argyll_runner: [argyll] Re-seeding
2026-09-07 07:50:31,671 [DEBUG] core.argyll_runner: [argyll] It 20: Maxmv = 0.001769, MinPoint = 7.570, Min = 6.960, Avg. = 11.414, Max = 13.530, 0.0 secs.
2026-09-07 07:50:31,672 [DEBUG] core.argyll_runner: [argyll] After optimization: MinPoint = 7.570, Min = 6.960, Avg. = 11.414, Max = 13.530
2026-09-07 07:50:31,672 [DEBUG] core.argyll_runner: [argyll] Total number of patches = 400
2026-09-07 07:50:31,672 [DEBUG] core.argyll_runner: [argyll] Execution time = 0.707100 seconds
2026-09-07 07:50:31,685 [INFO] core.argyll_runner: ArgyllRunner: finished with code 0
2026-09-07 07:50:32,082 [DEBUG] workflow.chart_creator: Wrote channel sidecar A1-EngineVsPrinttarg.channels.json: ['r', 'g', 'b']
2026-09-07 07:50:32,162 [DEBUG] ui.tiff_preview: TiffPreview: loaded 1 page(s)
2026-09-07 07:50:32,162 [INFO] ui.tabs.tab_chart: Preview loaded: 1 TIFF(s)
2026-09-07 07:50:32,386 [INFO] assess:   DIALOG UNEXPECTED [QMessageBox] title='' buttons=['OK', 'Edit patch set…'] text="Your patch set doesn't quite fill the last page — there's space for about 107 more patches on it (the page holds about 525 in total).\n\nThat's perfectly fine to print as it is; the empty area is just blank paper. If you'd rather have a tidy, completely full page, you have two easy options in the patc"
2026-09-07 07:50:32,410 [INFO] assess:     closed via clicked 'OK'
2026-09-07 07:50:32,592 [DEBUG] ui.tabs.tab_chart: create-chart settings written for run1 (40 parameters + ui state)
2026-09-07 07:50:32,592 [DEBUG] ui.tabs.tab_chart: ui-state: kept the Guided row this build used (the run's stored copy is the older one)
2026-09-07 07:50:32,592 [DEBUG] ui.tabs.tab_chart: ui-state: kept the layout this build used (the run's stored copy is the older one)
2026-09-07 07:50:32,593 [DEBUG] ui.tiff_preview: TiffPreview: loaded 1 page(s)
2026-09-07 07:50:32,596 [DEBUG] ui.tiff_preview: TiffPreview: loaded 1 page(s)
2026-09-07 07:50:33,418 [INFO] assess: engine build finished ok=True serious=[]
2026-09-07 07:50:33,585 [INFO] assess:   shot Screenshots/A1-engine-vs-printtarg/02-engine-built-window.png  (3400x2100)
2026-09-07 07:50:33,587 [INFO] assess:   json Test Runs/logs/d01_02-engine-built.json
2026-09-07 07:50:33,638 [INFO] assess:   shot Screenshots/A1-engine-vs-printtarg/02-engine-preview.png  (2232x1136)
2026-09-07 07:50:33,641 [DEBUG] ui.tiff_preview: TiffPreview: loaded 0 page(s)
2026-09-07 07:50:33,642 [DEBUG] core.settings: settings.set session_ti1_path = ''
2026-09-07 07:50:34,808 [INFO] assess: run bar now 'New run'; location 'Location being edited: ChromIQ-assessment/A1-EngineVsPrinttarg/runs/run2/'
2026-09-07 07:50:34,808 [DEBUG] core.settings: settings.set use_chromiq_layout_engine = False
2026-09-07 07:50:35,943 [INFO] assess:   shot Screenshots/A1-engine-vs-printtarg/03-engine-off-before-generate.png  (3400x2100)
2026-09-07 07:50:35,943 [INFO] assess:   printtarg -i: raw='i1' visible=True enabled=True
2026-09-07 07:50:35,943 [INFO] assess:   printtarg -p: raw='A4' visible=True enabled=True
2026-09-07 07:50:35,943 [INFO] assess:   printtarg -t: raw=300 visible=True enabled=True
2026-09-07 07:50:35,943 [INFO] assess:   printtarg -L: raw=False visible=True enabled=True
2026-09-07 07:50:35,943 [INFO] assess:   printtarg -a: raw=1.0 visible=True enabled=True
2026-09-07 07:50:35,943 [INFO] assess:   printtarg -m: raw=10 visible=False enabled=True
2026-09-07 07:50:35,943 [INFO] assess:   printtarg -h: raw=False visible=False enabled=True
2026-09-07 07:50:35,943 [INFO] assess:   printtarg -P: raw=False visible=False enabled=True
2026-09-07 07:50:35,943 [INFO] assess:   printtarg -r: raw=False visible=False enabled=True
2026-09-07 07:50:35,943 [INFO] assess:   printtarg -b: raw=False visible=False enabled=False
2026-09-07 07:50:36,148 [INFO] assess:   -f set to 400 (auto=False)
2026-09-07 07:50:36,148 [INFO] assess: manual info lbl (printtarg): 'Manual mode — your current configuration (1 page · Auto grey/white/black):\ntargen -d2 -f400 -e3 -B3 -G -g23 chart\nprinttarg -ii1 -pA4 -t300 -m10 -M10 -c chart'
2026-09-07 07:50:36,149 [INFO] ui.tabs.tab_chart: chart build (Generate Chart) in manual: patch set targen | manual panel: A4, 0x0 grid, margins T38.0 R9.0 B19.0 L26.0
2026-09-07 07:50:36,151 [DEBUG] core.settings: settings.set session_ti3_path = ''
2026-09-07 07:50:36,151 [DEBUG] core.settings: settings.set session_icc_path = ''
2026-09-07 07:50:36,151 [DEBUG] core.settings: settings.set session_cal_ti3_path = ''
2026-09-07 07:50:36,153 [DEBUG] core.file_manager: Target name set to: A1-EngineVsPrinttarg (root /Users/Basti/ChromIQ-assessment/A1-EngineVsPrinttarg)
2026-09-07 07:50:36,155 [INFO] core.file_manager: opened the EXISTING project at /Users/Basti/ChromIQ-assessment/A1-EngineVsPrinttarg (1 run(s) on disk)
2026-09-07 07:50:36,156 [INFO] ui.tabs.tab_chart: Create Chart: build target run → run2 (new run)
2026-09-07 07:50:36,157 [INFO] ui.tabs.tab_chart: run description + chart notes written to run2
2026-09-07 07:50:36,159 [INFO] ui.tabs.tab_chart: New run run2 adopted 40 stored setting(s)
2026-09-07 07:50:36,166 [DEBUG] ui.tabs.tab_chart: create-chart settings written for run2 (40 parameters + ui state)
2026-09-07 07:50:36,167 [DEBUG] ui.tabs.tab_chart: ui-state: kept the Guided row this build used (the run's stored copy is the older one)
2026-09-07 07:50:36,167 [DEBUG] ui.tabs.tab_chart: ui-state: kept the layout this build used (the run's stored copy is the older one)
2026-09-07 07:50:36,169 [INFO] workflow.chart_creator: Chart generation: 400 patches, instrument=i1 paper=A4 disable_lb=False
2026-09-07 07:50:36,169 [INFO] workflow.chart_creator: targen args: ['-v', '-d2', '-f400', '-e3', '-B3', '-G', '-g23', 'A1-EngineVsPrinttarg']
2026-09-07 07:50:36,170 [INFO] core.argyll_runner: Run: /Applications/Argyll/bin/targen -v -d2 -f400 -e3 -B3 -G -g23 A1-EngineVsPrinttarg  [cwd=/Users/Basti/ChromIQ-assessment/A1-EngineVsPrinttarg/runs/run2]
2026-09-07 07:50:36,252 [DEBUG] core.argyll_runner: [argyll] iRGB test chart
2026-09-07 07:50:36,252 [DEBUG] core.argyll_runner: [argyll] White patches = 3
2026-09-07 07:50:36,253 [DEBUG] core.argyll_runner: [argyll] Black patches = 3
2026-09-07 07:50:36,253 [DEBUG] core.argyll_runner: [argyll] Composite Grey steps = 23
2026-09-07 07:50:36,253 [DEBUG] core.argyll_runner: [argyll] Full spread patches = 400
2026-09-07 07:50:36,253 [DEBUG] core.argyll_runner: [argyll] Degree of adaptation: 0.100
2026-09-07 07:50:36,253 [DEBUG] core.argyll_runner: [argyll] Adaptation weights: Device = 0.935, Perceptual = 0.065, Curvature = 0.010
2026-09-07 07:50:36,253 [DEBUG] core.argyll_runner: [argyll] Perceptual cache resolution = 9
2026-09-07 07:50:36,254 [DEBUG] core.argyll_runner: [argyll] Seeding cache...done
2026-09-07 07:50:36,254 [DEBUG] core.argyll_runner: [argyll] Acceleration grid res = 8
2026-09-07 07:50:36,254 [DEBUG] core.argyll_runner: [argyll] 
2026-09-07 07:50:36,254 [DEBUG] core.argyll_runner: [argyll] There are 23 unique fixed points to add (27 total fixed points)
2026-09-07 07:50:36,254 [DEBUG] core.argyll_runner: [argyll] There are 373 far spread points to add
2026-09-07 07:50:36,254 [DEBUG] core.argyll_runner: [argyll] 
2026-09-07 07:50:36,255 [DEBUG] core.argyll_runner: [argyll] Added 12/396
2026-09-07 07:50:36,255 [DEBUG] core.argyll_runner: [argyll] Added 23/396
2026-09-07 07:50:36,255 [DEBUG] core.argyll_runner: [argyll] Added 34/396
2026-09-07 07:50:36,255 [DEBUG] core.argyll_runner: [argyll] Added 45/396
2026-09-07 07:50:36,256 [DEBUG] core.argyll_runner: [argyll] Added 56/396
2026-09-07 07:50:36,256 [DEBUG] core.argyll_runner: [argyll] Added 67/396
2026-09-07 07:50:36,257 [DEBUG] core.argyll_runner: [argyll] Added 78/396
2026-09-07 07:50:36,258 [DEBUG] core.argyll_runner: [argyll] Added 89/396
2026-09-07 07:50:36,259 [DEBUG] core.argyll_runner: [argyll] Added 100/396
2026-09-07 07:50:36,260 [DEBUG] core.argyll_runner: [argyll] Added 111/396
2026-09-07 07:50:36,261 [DEBUG] core.argyll_runner: [argyll] Added 122/396
2026-09-07 07:50:36,262 [DEBUG] core.argyll_runner: [argyll] Added 133/396
2026-09-07 07:50:36,264 [DEBUG] core.argyll_runner: [argyll] Added 144/396
2026-09-07 07:50:36,265 [DEBUG] core.argyll_runner: [argyll] Added 155/396
2026-09-07 07:50:36,267 [DEBUG] core.argyll_runner: [argyll] Added 166/396
2026-09-07 07:50:36,269 [DEBUG] core.argyll_runner: [argyll] Added 177/396
2026-09-07 07:50:36,271 [DEBUG] core.argyll_runner: [argyll] Added 188/396
2026-09-07 07:50:36,273 [DEBUG] core.argyll_runner: [argyll] Added 199/396
2026-09-07 07:50:36,288 [DEBUG] core.argyll_runner: [argyll] 
2026-09-07 07:50:36,288 [DEBUG] core.argyll_runner: [argyll] Added 210/396
2026-09-07 07:50:36,288 [DEBUG] core.argyll_runner: [argyll] Added 221/396
2026-09-07 07:50:36,289 [DEBUG] core.argyll_runner: [argyll] Added 232/396
2026-09-07 07:50:36,289 [DEBUG] core.argyll_runner: [argyll] Added 243/396
2026-09-07 07:50:36,289 [DEBUG] core.argyll_runner: [argyll] Added 254/396
2026-09-07 07:50:36,290 [DEBUG] core.argyll_runner: [argyll] Added 265/396
2026-09-07 07:50:36,291 [DEBUG] core.argyll_runner: [argyll] Added 276/396
2026-09-07 07:50:36,292 [DEBUG] core.argyll_runner: [argyll] Added 287/396
2026-09-07 07:50:36,293 [DEBUG] core.argyll_runner: [argyll] Added 298/396
2026-09-07 07:50:36,294 [DEBUG] core.argyll_runner: [argyll] Added 309/396
2026-09-07 07:50:36,295 [DEBUG] core.argyll_runner: [argyll] Added 320/396
2026-09-07 07:50:36,296 [DEBUG] core.argyll_runner: [argyll] Added 331/396
2026-09-07 07:50:36,298 [DEBUG] core.argyll_runner: [argyll] Added 342/396
2026-09-07 07:50:36,300 [DEBUG] core.argyll_runner: [argyll] Added 353/396
2026-09-07 07:50:36,301 [DEBUG] core.argyll_runner: [argyll] Added 364/396
2026-09-07 07:50:36,303 [DEBUG] core.argyll_runner: [argyll] Added 375/396
2026-09-07 07:50:36,305 [DEBUG] core.argyll_runner: [argyll] Added 386/396
2026-09-07 07:50:36,308 [DEBUG] core.argyll_runner: [argyll] Added 396/396
2026-09-07 07:50:36,947 [DEBUG] core.argyll_runner: [argyll] 
2026-09-07 07:50:36,948 [DEBUG] core.argyll_runner: [argyll] After seeding points: MinPoint = 5.993, Min = 4.800, Avg. = 11.935, Max = 15.686, 0.0 secs
2026-09-07 07:50:36,948 [DEBUG] core.argyll_runner: [argyll] Re-seeding
2026-09-07 07:50:36,949 [DEBUG] core.argyll_runner: [argyll] It 1: Maxmv = 0.100761, MinPoint = 3.268, Min = 3.715, Avg. = 11.873, Max = 15.971, 0.0 secs.
2026-09-07 07:50:36,949 [DEBUG] core.argyll_runner: [argyll] Re-seeding
2026-09-07 07:50:36,949 [DEBUG] core.argyll_runner: [argyll] It 2: Maxmv = 0.102174, MinPoint = 4.726, Min = 5.929, Avg. = 11.823, Max = 15.050, 0.0 secs.
2026-09-07 07:50:36,949 [DEBUG] core.argyll_runner: [argyll] Re-seeding
2026-09-07 07:50:36,950 [DEBUG] core.argyll_runner: [argyll] It 3: Maxmv = 0.084379, MinPoint = 5.717, Min = 5.494, Avg. = 11.784, Max = 15.467, 0.0 secs.
2026-09-07 07:50:36,950 [DEBUG] core.argyll_runner: [argyll] Re-seeding
2026-09-07 07:50:36,950 [DEBUG] core.argyll_runner: [argyll] It 4: Maxmv = 0.076331, MinPoint = 6.700, Min = 6.852, Avg. = 11.689, Max = 14.503, 0.0 secs.
2026-09-07 07:50:36,950 [DEBUG] core.argyll_runner: [argyll] Re-seeding
2026-09-07 07:50:36,951 [DEBUG] core.argyll_runner: [argyll] It 5: Maxmv = 0.065671, MinPoint = 7.570, Min = 6.319, Avg. = 11.672, Max = 15.483, 0.0 secs.
2026-09-07 07:50:36,951 [DEBUG] core.argyll_runner: [argyll] Re-seeding
2026-09-07 07:50:36,951 [DEBUG] core.argyll_runner: [argyll] It 6: Maxmv = 0.055767, MinPoint = 7.570, Min = 5.746, Avg. = 11.629, Max = 15.267, 0.0 secs.
2026-09-07 07:50:36,952 [DEBUG] core.argyll_runner: [argyll] Re-seeding
2026-09-07 07:50:36,952 [DEBUG] core.argyll_runner: [argyll] It 7: Maxmv = 0.061237, MinPoint = 7.570, Min = 6.960, Avg. = 11.577, Max = 14.788, 0.0 secs.
2026-09-07 07:50:36,952 [DEBUG] core.argyll_runner: [argyll] Re-seeding
2026-09-07 07:50:36,952 [DEBUG] core.argyll_runner: [argyll] It 8: Maxmv = 0.060963, MinPoint = 7.570, Min = 6.960, Avg. = 11.541, Max = 14.174, 0.0 secs.
2026-09-07 07:50:36,953 [DEBUG] core.argyll_runner: [argyll] Re-seeding
2026-09-07 07:50:36,953 [DEBUG] core.argyll_runner: [argyll] It 9: Maxmv = 0.046047, MinPoint = 7.570, Min = 6.960, Avg. = 11.492, Max = 14.168, 0.0 secs.
2026-09-07 07:50:36,953 [DEBUG] core.argyll_runner: [argyll] Re-seeding
2026-09-07 07:50:36,953 [DEBUG] core.argyll_runner: [argyll] It 10: Maxmv = 0.038290, MinPoint = 7.570, Min = 6.960, Avg. = 11.467, Max = 14.240, 0.0 secs.
2026-09-07 07:50:36,954 [DEBUG] core.argyll_runner: [argyll] Re-seeding
2026-09-07 07:50:36,954 [DEBUG] core.argyll_runner: [argyll] It 11: Maxmv = 0.036328, MinPoint = 7.570, Min = 6.960, Avg. = 11.445, Max = 14.048, 0.0 secs.
2026-09-07 07:50:36,954 [DEBUG] core.argyll_runner: [argyll] Re-seeding
2026-09-07 07:50:36,954 [DEBUG] core.argyll_runner: [argyll] It 12: Maxmv = 0.026130, MinPoint = 7.570, Min = 6.960, Avg. = 11.446, Max = 13.807, 0.0 secs.
2026-09-07 07:50:36,955 [DEBUG] core.argyll_runner: [argyll] Re-seeding
2026-09-07 07:50:36,955 [DEBUG] core.argyll_runner: [argyll] It 13: Maxmv = 0.021336, MinPoint = 7.570, Min = 6.960, Avg. = 11.423, Max = 13.621, 0.0 secs.
2026-09-07 07:50:36,955 [DEBUG] core.argyll_runner: [argyll] Re-seeding
2026-09-07 07:50:36,955 [DEBUG] core.argyll_runner: [argyll] It 14: Maxmv = 0.021763, MinPoint = 7.570, Min = 6.960, Avg. = 11.414, Max = 13.710, 0.0 secs.
2026-09-07 07:50:36,956 [DEBUG] core.argyll_runner: [argyll] Re-seeding
2026-09-07 07:50:36,956 [DEBUG] core.argyll_runner: [argyll] It 15: Maxmv = 0.017561, MinPoint = 7.570, Min = 6.960, Avg. = 11.413, Max = 13.642, 0.0 secs.
2026-09-07 07:50:36,956 [DEBUG] core.argyll_runner: [argyll] Re-seeding
2026-09-07 07:50:36,956 [DEBUG] core.argyll_runner: [argyll] It 16: Maxmv = 0.011767, MinPoint = 7.570, Min = 6.960, Avg. = 11.407, Max = 13.551, 0.0 secs.
2026-09-07 07:50:36,957 [DEBUG] core.argyll_runner: [argyll] Re-seeding
2026-09-07 07:50:36,957 [DEBUG] core.argyll_runner: [argyll] It 17: Maxmv = 0.009420, MinPoint = 7.570, Min = 6.960, Avg. = 11.414, Max = 13.519, 0.0 secs.
2026-09-07 07:50:36,957 [DEBUG] core.argyll_runner: [argyll] Re-seeding
2026-09-07 07:50:36,957 [DEBUG] core.argyll_runner: [argyll] It 18: Maxmv = 0.005286, MinPoint = 7.570, Min = 6.960, Avg. = 11.412, Max = 13.537, 0.0 secs.
2026-09-07 07:50:36,958 [DEBUG] core.argyll_runner: [argyll] Re-seeding
2026-09-07 07:50:36,958 [DEBUG] core.argyll_runner: [argyll] It 19: Maxmv = 0.001856, MinPoint = 7.570, Min = 6.960, Avg. = 11.414, Max = 13.538, 0.0 secs.
2026-09-07 07:50:36,958 [DEBUG] core.argyll_runner: [argyll] Re-seeding
2026-09-07 07:50:36,958 [DEBUG] core.argyll_runner: [argyll] It 20: Maxmv = 0.001769, MinPoint = 7.570, Min = 6.960, Avg. = 11.414, Max = 13.530, 0.0 secs.
2026-09-07 07:50:36,959 [DEBUG] core.argyll_runner: [argyll] After optimization: MinPoint = 7.570, Min = 6.960, Avg. = 11.414, Max = 13.530
2026-09-07 07:50:36,959 [DEBUG] core.argyll_runner: [argyll] Total number of patches = 400
2026-09-07 07:50:36,959 [DEBUG] core.argyll_runner: [argyll] Execution time = 0.707327 seconds
2026-09-07 07:50:36,960 [INFO] core.argyll_runner: ArgyllRunner: finished with code 0
2026-09-07 07:50:36,960 [INFO] workflow.chart_creator: printtarg args: ['-ii1', '-pA4', '-t300', '-m10', '-M10', '-c', 'A1-EngineVsPrinttarg']
2026-09-07 07:50:36,960 [INFO] core.argyll_runner: Run: /Applications/Argyll/bin/printtarg -ii1 -pA4 -t300 -m10 -M10 -c A1-EngineVsPrinttarg  [cwd=/Users/Basti/ChromIQ-assessment/A1-EngineVsPrinttarg/runs/run2]
2026-09-07 07:50:37,324 [INFO] core.argyll_runner: ArgyllRunner: finished with code 0
2026-09-07 07:50:37,324 [INFO] workflow.chart_creator: printtarg produced 1 TIFF(s) in /Users/Basti/ChromIQ-assessment/A1-EngineVsPrinttarg/runs/run2
2026-09-07 07:50:37,324 [DEBUG] workflow.chart_creator: Wrote channel sidecar A1-EngineVsPrinttarg.channels.json: ['r', 'g', 'b']
2026-09-07 07:50:37,451 [INFO] workflow.chart_creator: Captured scanner .cht geometry for A1-EngineVsPrinttarg: 1 page(s), 420 patches
2026-09-07 07:50:37,543 [DEBUG] ui.tiff_preview: TiffPreview: loaded 1 page(s)
2026-09-07 07:50:37,543 [INFO] ui.tabs.tab_chart: Preview loaded: 1 TIFF(s)
2026-09-07 07:50:37,762 [DEBUG] ui.tiff_preview: TiffPreview: loaded 1 page(s)
2026-09-07 07:50:37,764 [DEBUG] ui.tiff_preview: TiffPreview: loaded 1 page(s)
2026-09-07 07:50:37,871 [INFO] ui.tabs.tab_measure: Uniform strip detection: 20 strips, block x=123–885 (scaled)
2026-09-07 07:50:39,409 [INFO] assess: printtarg build finished ok=True serious=[]
2026-09-07 07:50:39,568 [INFO] assess:   shot Screenshots/A1-engine-vs-printtarg/04-printtarg-built-window.png  (3400x2100)
2026-09-07 07:50:39,569 [INFO] assess:   json Test Runs/logs/d01_04-printtarg-built.json
2026-09-07 07:50:39,621 [INFO] assess:   shot Screenshots/A1-engine-vs-printtarg/04-printtarg-preview.png  (2232x1136)
2026-09-07 07:50:39,623 [DEBUG] ui.tiff_preview: TiffPreview: loaded 0 page(s)
2026-09-07 07:50:39,624 [DEBUG] core.settings: settings.set session_ti1_path = ''
2026-09-07 07:50:40,596 [DEBUG] core.settings: settings.set use_chromiq_layout_engine = True
2026-09-07 07:50:40,598 [DEBUG] ui.dialogs.layout_options_panel: layout panel set_recipe: spacer=colored/True gaps=0.0/0.0  [_on_manual_engine_toggled:5062  ←  _convert_printtarg_to_engine:5156  ←  _set_engine_recipe:17986]
2026-09-07 07:50:40,663 [DEBUG] core.settings: settings.set helper_markers_show = False
2026-09-07 07:50:40,663 [DEBUG] core.settings: settings.set helper_marker_edge_mm = 2.0
2026-09-07 07:50:40,663 [DEBUG] core.settings: settings.set helper_marker_len_mm = 2.0
2026-09-07 07:50:40,663 [DEBUG] core.settings: settings.set helper_marker_per_patch = 3
2026-09-07 07:50:40,663 [DEBUG] core.settings: settings.set helper_markers_top_bottom = True
2026-09-07 07:50:40,663 [DEBUG] core.settings: settings.set helper_markers_sides = True
2026-09-07 07:50:40,699 [DEBUG] core.settings: settings.set helper_markers_show = False
2026-09-07 07:50:40,699 [DEBUG] core.settings: settings.set helper_marker_edge_mm = 2.0
2026-09-07 07:50:40,699 [DEBUG] core.settings: settings.set helper_marker_len_mm = 2.0
2026-09-07 07:50:40,699 [DEBUG] core.settings: settings.set helper_marker_per_patch = 3
2026-09-07 07:50:40,699 [DEBUG] core.settings: settings.set helper_markers_top_bottom = True
2026-09-07 07:50:40,699 [DEBUG] core.settings: settings.set helper_markers_sides = True
2026-09-07 07:50:41,671 [INFO] assess: recipe after OFF->ON round trip: {"instrument": "i1", "paper": "A4", "randomize": true, "pscale": 0.95, "margin_top": 38.0, "margin_left": 26.0, "use_instrument_margins": true, "layout_mode": "area_first", "area_method": "by_width", "clip_border": false}
2026-09-07 07:50:41,827 [INFO] assess:   shot Screenshots/A1-engine-vs-printtarg/05-engine-on-again.png  (3400x2100)
2026-09-07 07:50:42,531 [INFO] assess:   json Test Runs/logs/d01_parity_printtarg_by_hand.json
2026-09-07 07:50:42,531 [INFO] assess: dialogs seen: [{'class': 'QMessageBox', 'title': '', 'text': "Your patch set doesn't quite fill the last page — there's space for about 107 more patches on it (the page holds about 525 in total).\n\nThat's perfectly fine to print as it is; the empty area is just blank paper. If you'd rather have a tidy, completely full page, you have two easy options in the patch-set editor:\n\n• Add a few more patches to fill the gap, or\n• Remove a few so the set ends neatly on the previous page.\n\nThe page layout itself — instrument, paper, margins and patch size — stays exactly as you've set it here in Create Chart; only the colours in the set change. Click “Edit patch set…” to open the editor now, or “OK” to keep the chart as it is. | ", 'buttons': ['OK', 'Edit patch set…'], 'answer': 'UNEXPECTED', 'closed_via': "clicked 'OK'"}]
2026-09-07 07:50:42,531 [INFO] assess: unexpected: [{'class': 'QMessageBox', 'title': '', 'text': "Your patch set doesn't quite fill the last page — there's space for about 107 more patches on it (the page holds about 525 in total).\n\nThat's perfectly fine to print as it is; the empty area is just blank paper. If you'd rather have a tidy, completely full page, you have two easy options in the patch-set editor:\n\n• Add a few more patches to fill the gap, or\n• Remove a few so the set ends neatly on the previous page.\n\nThe page layout itself — instrument, paper, margins and patch size — stays exactly as you've set it here in Create Chart; only the colours in the set change. Click “Edit patch set…” to open the editor now, or “OK” to keep the chart as it is. | ", 'buttons': ['OK', 'Edit patch set…'], 'answer': 'UNEXPECTED', 'closed_via': "clicked 'OK'"}]
2026-09-07 07:50:42,531 [INFO] assess: all serious: []
2026-09-07 07:50:42,532 [DEBUG] core.settings: settings.set window_geometry = PyQt6.QtCore.QByteArray(b'\x01\xd9\xd0\xcb\x00\x03\x00\x00\x00\x00\x00\n\x00\x00\x00&\x00\x00\x06\xad\x00\x00\x04[\x00\x00\x00\n\x00\x00\x00B\x00\x00\x06\xad\x00\x00\x04[\x00\x00\x00\x00\x00\x00\x00\x00\x06\xc0\x00\x00\x00\n\x00\x00\x00B\x00\x00\x06\xad\x00\x00\x04[')
2026-09-07 07:50:42,532 [DEBUG] core.settings: settings.set window_maximized = False
2026-09-07 07:50:42,532 [DEBUG] core.settings: settings.set window_fullscreen = False
2026-09-07 07:50:42,747 [DEBUG] core.settings: settings.set active_tab = 0
2026-09-07 07:50:42,747 [DEBUG] core.settings: settings.set session_target_name = 'A1-EngineVsPrinttarg'
2026-09-07 07:50:42,747 [DEBUG] core.settings: settings.set session_project_root = ''
2026-09-07 07:50:42,747 [INFO] core.argyll_runner: ArgyllRunner: cleanup complete
