2026-09-07 08:51:34,401 [WARNING] core.settings: Settings SANDBOXED to /Users/Basti/Desktop/Create Chart Assessment/Test Runs/sandbox/chromiq-assessment.ini (CHROMIQ_SETTINGS_FILE is set) — the real preferences are untouched
2026-09-07 08:51:34,402 [DEBUG] core.settings: Settings loaded from /Users/Basti/Desktop/Create Chart Assessment/Test Runs/sandbox/chromiq-assessment.ini
2026-09-07 08:51:34,402 [DEBUG] ui.theme: Appearance applied: setting=neutral mode=neutral
2026-09-07 08:51:34,402 [INFO] assess: app built: v4.2.0 appearance=neutral lang=en settings=/Users/Basti/Desktop/Create Chart Assessment/Test Runs/sandbox/chromiq-assessment.ini
2026-09-07 08:51:34,841 [DEBUG] ui.dialogs.layout_options_panel: layout panel set_recipe: spacer=colored/True gaps=0.0/0.0  [_refresh_manual_command_preview:5501  ←  _init_manual_layout_panel:5630  ←  _set_engine_recipe:17986]
2026-09-07 08:51:34,862 [DEBUG] core.settings: settings.set helper_markers_show = False
2026-09-07 08:51:34,862 [DEBUG] core.settings: settings.set helper_marker_edge_mm = 2.0
2026-09-07 08:51:34,862 [DEBUG] core.settings: settings.set helper_marker_len_mm = 2.0
2026-09-07 08:51:34,862 [DEBUG] core.settings: settings.set helper_marker_per_patch = 3
2026-09-07 08:51:34,862 [DEBUG] core.settings: settings.set helper_markers_top_bottom = True
2026-09-07 08:51:34,862 [DEBUG] core.settings: settings.set helper_markers_sides = True
2026-09-07 08:51:34,879 [DEBUG] core.settings: settings.set helper_markers_show = False
2026-09-07 08:51:34,879 [DEBUG] core.settings: settings.set helper_marker_edge_mm = 2.0
2026-09-07 08:51:34,879 [DEBUG] core.settings: settings.set helper_marker_len_mm = 2.0
2026-09-07 08:51:34,879 [DEBUG] core.settings: settings.set helper_marker_per_patch = 3
2026-09-07 08:51:34,879 [DEBUG] core.settings: settings.set helper_markers_top_bottom = True
2026-09-07 08:51:34,879 [DEBUG] core.settings: settings.set helper_markers_sides = True
2026-09-07 08:51:36,216 [INFO] ui.main_window: MainWindow initialised
2026-09-07 08:51:36,738 [INFO] ui.main_window: ---- Tab → 1. Create Chart ----
2026-09-07 08:51:36,752 [DEBUG] ui.theme: Appearance applied: setting=neutral mode=neutral
2026-09-07 08:51:36,896 [INFO] ui.main_window: ---- Tab → 1. Create Chart ----
2026-09-07 08:51:39,008 [DEBUG] core.settings: settings.set session_target_name = 'A5-Furniture'
2026-09-07 08:51:39,008 [DEBUG] core.settings: settings.set session_project_root = ''
2026-09-07 08:51:39,009 [DEBUG] core.file_manager: Target name set to: A5-Furniture (root /Users/Basti/ChromIQ-assessment/A5-Furniture)
2026-09-07 08:51:39,012 [INFO] core.file_manager: opened the EXISTING project at /Users/Basti/ChromIQ-assessment/A5-Furniture (1 run(s) on disk)
2026-09-07 08:51:39,020 [DEBUG] core.settings: settings.set use_chromiq_layout_engine = True
2026-09-07 08:51:39,021 [DEBUG] ui.dialogs.layout_options_panel: layout panel set_recipe: spacer=none/False gaps=0.0/0.0  [load_target_settings:14638  ←  _apply_ui_state:14991  ←  _set_engine_recipe:17986]
2026-09-07 08:51:39,054 [DEBUG] core.settings: settings.set helper_markers_show = False
2026-09-07 08:51:39,054 [DEBUG] core.settings: settings.set helper_marker_edge_mm = 2.0
2026-09-07 08:51:39,054 [DEBUG] core.settings: settings.set helper_marker_len_mm = 2.0
2026-09-07 08:51:39,054 [DEBUG] core.settings: settings.set helper_marker_per_patch = 3
2026-09-07 08:51:39,054 [DEBUG] core.settings: settings.set helper_markers_top_bottom = True
2026-09-07 08:51:39,054 [DEBUG] core.settings: settings.set helper_markers_sides = True
2026-09-07 08:51:39,055 [DEBUG] core.settings: settings.set helper_markers_show = False
2026-09-07 08:51:39,055 [DEBUG] core.settings: settings.set helper_marker_edge_mm = 2.0
2026-09-07 08:51:39,055 [DEBUG] core.settings: settings.set helper_marker_len_mm = 2.0
2026-09-07 08:51:39,055 [DEBUG] core.settings: settings.set helper_marker_per_patch = 3
2026-09-07 08:51:39,055 [DEBUG] core.settings: settings.set helper_markers_top_bottom = True
2026-09-07 08:51:39,056 [DEBUG] core.settings: settings.set helper_markers_sides = True
2026-09-07 08:51:39,084 [DEBUG] core.settings: settings.set use_chromiq_layout_engine = True
2026-09-07 08:51:39,084 [DEBUG] ui.dialogs.layout_options_panel: layout panel set_recipe: spacer=none/False gaps=0.0/0.0  [load_target_settings:14638  ←  _apply_ui_state:14991  ←  _set_engine_recipe:17986]
2026-09-07 08:51:39,090 [DEBUG] core.settings: settings.set helper_markers_show = False
2026-09-07 08:51:39,090 [DEBUG] core.settings: settings.set helper_marker_edge_mm = 2.0
2026-09-07 08:51:39,090 [DEBUG] core.settings: settings.set helper_marker_len_mm = 2.0
2026-09-07 08:51:39,090 [DEBUG] core.settings: settings.set helper_marker_per_patch = 3
2026-09-07 08:51:39,090 [DEBUG] core.settings: settings.set helper_markers_top_bottom = True
2026-09-07 08:51:39,090 [DEBUG] core.settings: settings.set helper_markers_sides = True
2026-09-07 08:51:39,092 [DEBUG] core.settings: settings.set helper_markers_show = False
2026-09-07 08:51:39,092 [DEBUG] core.settings: settings.set helper_marker_edge_mm = 2.0
2026-09-07 08:51:39,092 [DEBUG] core.settings: settings.set helper_marker_len_mm = 2.0
2026-09-07 08:51:39,092 [DEBUG] core.settings: settings.set helper_marker_per_patch = 3
2026-09-07 08:51:39,092 [DEBUG] core.settings: settings.set helper_markers_top_bottom = True
2026-09-07 08:51:39,092 [DEBUG] core.settings: settings.set helper_markers_sides = True
2026-09-07 08:51:39,103 [DEBUG] core.settings: settings.set use_chromiq_layout_engine = True
2026-09-07 08:51:39,104 [DEBUG] ui.dialogs.layout_options_panel: layout panel set_recipe: spacer=none/False gaps=0.0/0.0  [load_target_settings:14638  ←  _apply_ui_state:14991  ←  _set_engine_recipe:17986]
2026-09-07 08:51:39,109 [DEBUG] core.settings: settings.set helper_markers_show = False
2026-09-07 08:51:39,109 [DEBUG] core.settings: settings.set helper_marker_edge_mm = 2.0
2026-09-07 08:51:39,109 [DEBUG] core.settings: settings.set helper_marker_len_mm = 2.0
2026-09-07 08:51:39,109 [DEBUG] core.settings: settings.set helper_marker_per_patch = 3
2026-09-07 08:51:39,109 [DEBUG] core.settings: settings.set helper_markers_top_bottom = True
2026-09-07 08:51:39,109 [DEBUG] core.settings: settings.set helper_markers_sides = True
2026-09-07 08:51:39,110 [DEBUG] core.settings: settings.set helper_markers_show = False
2026-09-07 08:51:39,110 [DEBUG] core.settings: settings.set helper_marker_edge_mm = 2.0
2026-09-07 08:51:39,110 [DEBUG] core.settings: settings.set helper_marker_len_mm = 2.0
2026-09-07 08:51:39,110 [DEBUG] core.settings: settings.set helper_marker_per_patch = 3
2026-09-07 08:51:39,110 [DEBUG] core.settings: settings.set helper_markers_top_bottom = True
2026-09-07 08:51:39,110 [DEBUG] core.settings: settings.set helper_markers_sides = True
2026-09-07 08:51:39,120 [DEBUG] core.settings: settings.set use_chromiq_layout_engine = True
2026-09-07 08:51:39,121 [DEBUG] ui.dialogs.layout_options_panel: layout panel set_recipe: spacer=none/False gaps=0.0/0.0  [load_target_settings:14638  ←  _apply_ui_state:14991  ←  _set_engine_recipe:17986]
2026-09-07 08:51:39,125 [DEBUG] core.settings: settings.set helper_markers_show = False
2026-09-07 08:51:39,125 [DEBUG] core.settings: settings.set helper_marker_edge_mm = 2.0
2026-09-07 08:51:39,125 [DEBUG] core.settings: settings.set helper_marker_len_mm = 2.0
2026-09-07 08:51:39,125 [DEBUG] core.settings: settings.set helper_marker_per_patch = 3
2026-09-07 08:51:39,125 [DEBUG] core.settings: settings.set helper_markers_top_bottom = True
2026-09-07 08:51:39,125 [DEBUG] core.settings: settings.set helper_markers_sides = True
2026-09-07 08:51:39,127 [DEBUG] core.settings: settings.set helper_markers_show = False
2026-09-07 08:51:39,127 [DEBUG] core.settings: settings.set helper_marker_edge_mm = 2.0
2026-09-07 08:51:39,127 [DEBUG] core.settings: settings.set helper_marker_len_mm = 2.0
2026-09-07 08:51:39,127 [DEBUG] core.settings: settings.set helper_marker_per_patch = 3
2026-09-07 08:51:39,127 [DEBUG] core.settings: settings.set helper_markers_top_bottom = True
2026-09-07 08:51:39,127 [DEBUG] core.settings: settings.set helper_markers_sides = True
2026-09-07 08:51:39,143 [DEBUG] ui.tiff_preview: TiffPreview: loaded 2 page(s)
2026-09-07 08:51:39,152 [DEBUG] ui.dialogs.layout_options_panel: layout panel set_recipe: spacer=none/False gaps=0.0/0.0  [_display_run_chart:6588  ←  _restore_chart_settings:11047  ←  _set_engine_recipe:17986]
2026-09-07 08:51:39,158 [DEBUG] core.settings: settings.set helper_markers_show = False
2026-09-07 08:51:39,158 [DEBUG] core.settings: settings.set helper_marker_edge_mm = 2.0
2026-09-07 08:51:39,158 [DEBUG] core.settings: settings.set helper_marker_len_mm = 2.0
2026-09-07 08:51:39,158 [DEBUG] core.settings: settings.set helper_marker_per_patch = 3
2026-09-07 08:51:39,158 [DEBUG] core.settings: settings.set helper_markers_top_bottom = True
2026-09-07 08:51:39,158 [DEBUG] core.settings: settings.set helper_markers_sides = True
2026-09-07 08:51:39,160 [DEBUG] core.settings: settings.set helper_markers_show = False
2026-09-07 08:51:39,160 [DEBUG] core.settings: settings.set helper_marker_edge_mm = 2.0
2026-09-07 08:51:39,160 [DEBUG] core.settings: settings.set helper_marker_len_mm = 2.0
2026-09-07 08:51:39,160 [DEBUG] core.settings: settings.set helper_marker_per_patch = 3
2026-09-07 08:51:39,160 [DEBUG] core.settings: settings.set helper_markers_top_bottom = True
2026-09-07 08:51:39,160 [DEBUG] core.settings: settings.set helper_markers_sides = True
2026-09-07 08:51:39,172 [INFO] ui.tabs.tab_chart: chart loaded: 2 page(s) counted from the page images (field was 2, now 2)
2026-09-07 08:51:39,175 [DEBUG] ui.tiff_preview: TiffPreview: loaded 2 page(s)
2026-09-07 08:51:39,177 [DEBUG] ui.tiff_preview: TiffPreview: loaded 2 page(s)
2026-09-07 08:51:39,180 [DEBUG] ui.tabs.tab_chart: the chart sidecar moved 0 parameters and 1 ui values away from the target's own
2026-09-07 08:51:39,183 [DEBUG] ui.tiff_preview: TiffPreview: loaded 2 page(s)
2026-09-07 08:51:39,186 [DEBUG] ui.tiff_preview: TiffPreview: loaded 2 page(s)
2026-09-07 08:51:39,186 [INFO] ui.main_window: Session restored: target=A5-Furniture run=run1
2026-09-07 08:51:40,389 [INFO] assess: open_project('A5-Furniture') -> run bar reads 'Run 1 (overwrite)' ok=True
2026-09-07 08:51:42,314 [DEBUG] core.settings: settings.set helper_markers_show = False
2026-09-07 08:51:42,314 [DEBUG] core.settings: settings.set helper_marker_edge_mm = 2.0
2026-09-07 08:51:42,314 [DEBUG] core.settings: settings.set helper_marker_len_mm = 2.0
2026-09-07 08:51:42,314 [DEBUG] core.settings: settings.set helper_marker_per_patch = 3
2026-09-07 08:51:42,314 [DEBUG] core.settings: settings.set helper_markers_top_bottom = True
2026-09-07 08:51:42,314 [DEBUG] core.settings: settings.set helper_markers_sides = True
2026-09-07 08:51:42,474 [DEBUG] core.settings: settings.set helper_markers_show = False
2026-09-07 08:51:42,474 [DEBUG] core.settings: settings.set helper_marker_edge_mm = 2.0
2026-09-07 08:51:42,474 [DEBUG] core.settings: settings.set helper_marker_len_mm = 2.0
2026-09-07 08:51:42,474 [DEBUG] core.settings: settings.set helper_marker_per_patch = 3
2026-09-07 08:51:42,474 [DEBUG] core.settings: settings.set helper_markers_top_bottom = True
2026-09-07 08:51:42,474 [DEBUG] core.settings: settings.set helper_markers_sides = True
2026-09-07 08:51:42,481 [DEBUG] core.settings: settings.set helper_markers_show = False
2026-09-07 08:51:42,481 [DEBUG] core.settings: settings.set helper_marker_edge_mm = 2.0
2026-09-07 08:51:42,481 [DEBUG] core.settings: settings.set helper_marker_len_mm = 2.0
2026-09-07 08:51:42,481 [DEBUG] core.settings: settings.set helper_marker_per_patch = 3
2026-09-07 08:51:42,481 [DEBUG] core.settings: settings.set helper_markers_top_bottom = True
2026-09-07 08:51:42,481 [DEBUG] core.settings: settings.set helper_markers_sides = True
2026-09-07 08:51:42,647 [DEBUG] core.settings: settings.set helper_markers_show = False
2026-09-07 08:51:42,647 [DEBUG] core.settings: settings.set helper_marker_edge_mm = 2.0
2026-09-07 08:51:42,647 [DEBUG] core.settings: settings.set helper_marker_len_mm = 2.0
2026-09-07 08:51:42,647 [DEBUG] core.settings: settings.set helper_marker_per_patch = 3
2026-09-07 08:51:42,648 [DEBUG] core.settings: settings.set helper_markers_top_bottom = True
2026-09-07 08:51:42,648 [DEBUG] core.settings: settings.set helper_markers_sides = True
2026-09-07 08:51:43,091 [DEBUG] core.settings: settings.set helper_markers_show = False
2026-09-07 08:51:43,091 [DEBUG] core.settings: settings.set helper_marker_edge_mm = 2.0
2026-09-07 08:51:43,091 [DEBUG] core.settings: settings.set helper_marker_len_mm = 2.0
2026-09-07 08:51:43,091 [DEBUG] core.settings: settings.set helper_marker_per_patch = 3
2026-09-07 08:51:43,091 [DEBUG] core.settings: settings.set helper_markers_top_bottom = True
2026-09-07 08:51:43,091 [DEBUG] core.settings: settings.set helper_markers_sides = True
2026-09-07 08:51:43,263 [DEBUG] core.settings: settings.set helper_markers_show = False
2026-09-07 08:51:43,263 [DEBUG] core.settings: settings.set helper_marker_edge_mm = 2.0
2026-09-07 08:51:43,263 [DEBUG] core.settings: settings.set helper_marker_len_mm = 2.0
2026-09-07 08:51:43,263 [DEBUG] core.settings: settings.set helper_marker_per_patch = 3
2026-09-07 08:51:43,263 [DEBUG] core.settings: settings.set helper_markers_top_bottom = True
2026-09-07 08:51:43,263 [DEBUG] core.settings: settings.set helper_markers_sides = True
2026-09-07 08:51:43,397 [DEBUG] core.settings: settings.set helper_markers_show = False
2026-09-07 08:51:43,397 [DEBUG] core.settings: settings.set helper_marker_edge_mm = 2.0
2026-09-07 08:51:43,397 [DEBUG] core.settings: settings.set helper_marker_len_mm = 2.0
2026-09-07 08:51:43,397 [DEBUG] core.settings: settings.set helper_marker_per_patch = 3
2026-09-07 08:51:43,397 [DEBUG] core.settings: settings.set helper_markers_top_bottom = True
2026-09-07 08:51:43,397 [DEBUG] core.settings: settings.set helper_markers_sides = True
2026-09-07 08:51:43,530 [DEBUG] core.settings: settings.set helper_markers_show = False
2026-09-07 08:51:43,531 [DEBUG] core.settings: settings.set helper_marker_edge_mm = 2.0
2026-09-07 08:51:43,531 [DEBUG] core.settings: settings.set helper_marker_len_mm = 2.0
2026-09-07 08:51:43,531 [DEBUG] core.settings: settings.set helper_marker_per_patch = 3
2026-09-07 08:51:43,531 [DEBUG] core.settings: settings.set helper_markers_top_bottom = True
2026-09-07 08:51:43,531 [DEBUG] core.settings: settings.set helper_markers_sides = True
2026-09-07 08:51:43,665 [DEBUG] core.settings: settings.set helper_markers_show = False
2026-09-07 08:51:43,665 [DEBUG] core.settings: settings.set helper_marker_edge_mm = 2.0
2026-09-07 08:51:43,665 [DEBUG] core.settings: settings.set helper_marker_len_mm = 2.0
2026-09-07 08:51:43,665 [DEBUG] core.settings: settings.set helper_marker_per_patch = 3
2026-09-07 08:51:43,665 [DEBUG] core.settings: settings.set helper_markers_top_bottom = True
2026-09-07 08:51:43,665 [DEBUG] core.settings: settings.set helper_markers_sides = True
2026-09-07 08:51:43,797 [DEBUG] core.settings: settings.set helper_markers_show = True
2026-09-07 08:51:43,797 [DEBUG] core.settings: settings.set helper_marker_edge_mm = 2.0
2026-09-07 08:51:43,797 [DEBUG] core.settings: settings.set helper_marker_len_mm = 2.0
2026-09-07 08:51:43,797 [DEBUG] core.settings: settings.set helper_marker_per_patch = 3
2026-09-07 08:51:43,797 [DEBUG] core.settings: settings.set helper_markers_top_bottom = True
2026-09-07 08:51:43,797 [DEBUG] core.settings: settings.set helper_markers_sides = True
2026-09-07 08:51:44,644 [INFO] assess:   [save A] dialog QDialog title='Save Preset'
2026-09-07 08:51:44,905 [INFO] assess:   shot Screenshots/A8-presets/q10-save-AssessPresetA.png  (1354x1044)
2026-09-07 08:51:44,905 [INFO] assess:     clicking 'Save'
2026-09-07 08:51:46,643 [INFO] assess: save A: {'seen': True, 'err': None, 'in_combo': True, 'combo_current': 'AssessPresetA', 'files': ['AssessPresetA.json', 'AssessPresetA.ti1', 'i1Pro-A4-525p-3pages-Landscape-AssessPresetA.json', 'i1Pro-A4-525p-3pages-Landscape-AssessPresetA.ti1', 'i1Pro-A4-525p-3pages-Landscape-AssessPresetB.json', 'i1Pro-A4-525p-3pages-Landscape-AssessPresetB.ti1']}  dialog defaults={'Add a descriptive prefix': True, 'Generate the chart immediately when this preset is selected': True, 'Build from the currently loaded patch set (attach its .ti1)': True}
2026-09-07 08:51:46,851 [INFO] assess:   shot Screenshots/A8-presets/q11-after-save.png  (3400x2100)
2026-09-07 08:51:46,852 [INFO] assess:   json Test Runs/logs/d05b_results.json
2026-09-07 08:51:46,854 [DEBUG] core.settings: settings.set helper_markers_show = True
2026-09-07 08:51:46,854 [DEBUG] core.settings: settings.set helper_marker_edge_mm = 2.0
2026-09-07 08:51:46,854 [DEBUG] core.settings: settings.set helper_marker_len_mm = 2.0
2026-09-07 08:51:46,854 [DEBUG] core.settings: settings.set helper_marker_per_patch = 3
2026-09-07 08:51:46,854 [DEBUG] core.settings: settings.set helper_markers_top_bottom = True
2026-09-07 08:51:46,854 [DEBUG] core.settings: settings.set helper_markers_sides = True
2026-09-07 08:51:47,017 [DEBUG] core.settings: settings.set helper_markers_show = True
2026-09-07 08:51:47,017 [DEBUG] core.settings: settings.set helper_marker_edge_mm = 2.0
2026-09-07 08:51:47,017 [DEBUG] core.settings: settings.set helper_marker_len_mm = 2.0
2026-09-07 08:51:47,017 [DEBUG] core.settings: settings.set helper_marker_per_patch = 3
2026-09-07 08:51:47,017 [DEBUG] core.settings: settings.set helper_markers_top_bottom = True
2026-09-07 08:51:47,017 [DEBUG] core.settings: settings.set helper_markers_sides = True
2026-09-07 08:51:47,192 [DEBUG] core.settings: settings.set helper_markers_show = True
2026-09-07 08:51:47,192 [DEBUG] core.settings: settings.set helper_marker_edge_mm = 2.0
2026-09-07 08:51:47,192 [DEBUG] core.settings: settings.set helper_marker_len_mm = 2.0
2026-09-07 08:51:47,192 [DEBUG] core.settings: settings.set helper_marker_per_patch = 3
2026-09-07 08:51:47,192 [DEBUG] core.settings: settings.set helper_markers_top_bottom = True
2026-09-07 08:51:47,192 [DEBUG] core.settings: settings.set helper_markers_sides = True
2026-09-07 08:51:47,331 [DEBUG] core.settings: settings.set helper_markers_show = True
2026-09-07 08:51:47,331 [DEBUG] core.settings: settings.set helper_marker_edge_mm = 2.0
2026-09-07 08:51:47,331 [DEBUG] core.settings: settings.set helper_marker_len_mm = 2.0
2026-09-07 08:51:47,331 [DEBUG] core.settings: settings.set helper_marker_per_patch = 3
2026-09-07 08:51:47,331 [DEBUG] core.settings: settings.set helper_markers_top_bottom = True
2026-09-07 08:51:47,331 [DEBUG] core.settings: settings.set helper_markers_sides = True
2026-09-07 08:51:47,462 [DEBUG] core.settings: settings.set helper_markers_show = True
2026-09-07 08:51:47,462 [DEBUG] core.settings: settings.set helper_marker_edge_mm = 2.0
2026-09-07 08:51:47,462 [DEBUG] core.settings: settings.set helper_marker_len_mm = 2.0
2026-09-07 08:51:47,462 [DEBUG] core.settings: settings.set helper_marker_per_patch = 3
2026-09-07 08:51:47,462 [DEBUG] core.settings: settings.set helper_markers_top_bottom = True
2026-09-07 08:51:47,462 [DEBUG] core.settings: settings.set helper_markers_sides = True
2026-09-07 08:51:47,593 [DEBUG] core.settings: settings.set helper_markers_show = True
2026-09-07 08:51:47,593 [DEBUG] core.settings: settings.set helper_marker_edge_mm = 2.0
2026-09-07 08:51:47,593 [DEBUG] core.settings: settings.set helper_marker_len_mm = 2.0
2026-09-07 08:51:47,593 [DEBUG] core.settings: settings.set helper_marker_per_patch = 3
2026-09-07 08:51:47,593 [DEBUG] core.settings: settings.set helper_markers_top_bottom = True
2026-09-07 08:51:47,593 [DEBUG] core.settings: settings.set helper_markers_sides = True
2026-09-07 08:51:47,725 [DEBUG] core.settings: settings.set helper_markers_show = True
2026-09-07 08:51:47,725 [DEBUG] core.settings: settings.set helper_marker_edge_mm = 2.0
2026-09-07 08:51:47,725 [DEBUG] core.settings: settings.set helper_marker_len_mm = 2.0
2026-09-07 08:51:47,725 [DEBUG] core.settings: settings.set helper_marker_per_patch = 3
2026-09-07 08:51:47,725 [DEBUG] core.settings: settings.set helper_markers_top_bottom = True
2026-09-07 08:51:47,725 [DEBUG] core.settings: settings.set helper_markers_sides = True
2026-09-07 08:51:47,856 [DEBUG] core.settings: settings.set helper_markers_show = True
2026-09-07 08:51:47,856 [DEBUG] core.settings: settings.set helper_marker_edge_mm = 2.0
2026-09-07 08:51:47,856 [DEBUG] core.settings: settings.set helper_marker_len_mm = 2.0
2026-09-07 08:51:47,856 [DEBUG] core.settings: settings.set helper_marker_per_patch = 3
2026-09-07 08:51:47,856 [DEBUG] core.settings: settings.set helper_markers_top_bottom = True
2026-09-07 08:51:47,856 [DEBUG] core.settings: settings.set helper_markers_sides = True
2026-09-07 08:51:47,865 [DEBUG] core.settings: settings.set helper_markers_show = False
2026-09-07 08:51:47,865 [DEBUG] core.settings: settings.set helper_marker_edge_mm = 2.0
2026-09-07 08:51:47,865 [DEBUG] core.settings: settings.set helper_marker_len_mm = 2.0
2026-09-07 08:51:47,865 [DEBUG] core.settings: settings.set helper_marker_per_patch = 3
2026-09-07 08:51:47,865 [DEBUG] core.settings: settings.set helper_markers_top_bottom = True
2026-09-07 08:51:47,865 [DEBUG] core.settings: settings.set helper_markers_sides = True
2026-09-07 08:51:48,329 [INFO] assess:   armed: dialog ~'quite fill' -> click 'OK' 
2026-09-07 08:51:48,330 [INFO] assess:   armed: dialog ~'already' -> click 'Continue this project' 
2026-09-07 08:51:48,461 [DEBUG] ui.dialogs.layout_options_panel: layout panel set_recipe: spacer=none/False gaps=0.0/0.0  [_on_preset_selected:8907  ←  _restore_user_preset:9029  ←  _set_engine_recipe:17986]
2026-09-07 08:51:48,463 [DEBUG] core.settings: settings.set helper_markers_show = True
2026-09-07 08:51:48,463 [DEBUG] core.settings: settings.set helper_marker_edge_mm = 2.0
2026-09-07 08:51:48,463 [DEBUG] core.settings: settings.set helper_marker_len_mm = 2.0
2026-09-07 08:51:48,463 [DEBUG] core.settings: settings.set helper_marker_per_patch = 3
2026-09-07 08:51:48,463 [DEBUG] core.settings: settings.set helper_markers_top_bottom = True
2026-09-07 08:51:48,463 [DEBUG] core.settings: settings.set helper_markers_sides = True
2026-09-07 08:51:48,477 [DEBUG] core.settings: settings.set helper_markers_show = True
2026-09-07 08:51:48,477 [DEBUG] core.settings: settings.set helper_marker_edge_mm = 2.0
2026-09-07 08:51:48,477 [DEBUG] core.settings: settings.set helper_marker_len_mm = 2.0
2026-09-07 08:51:48,477 [DEBUG] core.settings: settings.set helper_marker_per_patch = 3
2026-09-07 08:51:48,477 [DEBUG] core.settings: settings.set helper_markers_top_bottom = True
2026-09-07 08:51:48,477 [DEBUG] core.settings: settings.set helper_markers_sides = True
2026-09-07 08:51:48,501 [DEBUG] core.settings: settings.set helper_markers_show = True
2026-09-07 08:51:48,501 [DEBUG] core.settings: settings.set helper_marker_edge_mm = 2.0
2026-09-07 08:51:48,501 [DEBUG] core.settings: settings.set helper_marker_len_mm = 2.0
2026-09-07 08:51:48,501 [DEBUG] core.settings: settings.set helper_marker_per_patch = 3
2026-09-07 08:51:48,501 [DEBUG] core.settings: settings.set helper_markers_top_bottom = True
2026-09-07 08:51:48,501 [DEBUG] core.settings: settings.set helper_markers_sides = True
2026-09-07 08:51:48,510 [INFO] ui.tabs.tab_chart: chart build (Generate Chart) in manual: patch set targen | manual panel: A4R, 0x0 grid, margins T15.0 R15.0 B15.0 L15.0
2026-09-07 08:51:48,512 [INFO] ui.tabs.tab_chart: chart build (live preview) in manual: patch set i1Pro-A4-525p-3pages-Landscape-AssessPresetA.ti1 | manual panel: A4R, 0x0 grid, margins T15.0 R15.0 B15.0 L15.0
2026-09-07 08:51:48,512 [DEBUG] core.settings: settings.set session_ti3_path = ''
2026-09-07 08:51:48,512 [DEBUG] core.settings: settings.set session_icc_path = ''
2026-09-07 08:51:48,512 [DEBUG] core.settings: settings.set session_cal_ti3_path = ''
2026-09-07 08:51:48,512 [DEBUG] core.file_manager: Target name set to: A5-Furniture (root /Users/Basti/ChromIQ-assessment/A5-Furniture)
2026-09-07 08:51:48,512 [INFO] core.file_manager: opened the EXISTING project at /Users/Basti/ChromIQ-assessment/A5-Furniture (1 run(s) on disk)
2026-09-07 08:51:48,607 [DEBUG] workflow.chart_creator: Wrote channel sidecar A5-Furniture.channels.json: ['r', 'g', 'b']
2026-09-07 08:51:48,757 [DEBUG] ui.tiff_preview: TiffPreview: loaded 2 page(s)
2026-09-07 08:51:48,757 [INFO] ui.tabs.tab_chart: Preview loaded: 2 TIFF(s)
2026-09-07 08:51:48,772 [DEBUG] ui.tiff_preview: TiffPreview: loaded 2 page(s)
2026-09-07 08:51:48,773 [DEBUG] ui.tiff_preview: TiffPreview: loaded 2 page(s)
2026-09-07 08:51:48,778 [DEBUG] ui.tabs.tab_chart: create-chart settings written for run1 (40 parameters + ui state)
2026-09-07 08:51:49,518 [INFO] assess:   picked preset #23 '▶  i1Pro-A4-525p-3pages-Landscape-AssessPresetA' (activated)
2026-09-07 08:51:52,243 [INFO] assess: reload A: {'diff_vs_saved': {}, 'engine': True, 'panel_enabled': True, 'generate_enabled': True, 'combo': '▶  i1Pro-A4-525p-3pages-Landscape-AssessPresetA', 'override_printtarg': (False, False), 'info': 'lack):\ntargen -d2 -f0 -e4 -B4 -G -g32 chart\nChromIQ layout engine · i1 · A4 landscape · 300 dpi · margin 15 mm · patch 12×12 mm · clip border off · align center-left\nLayout preset: i1 · A4 landscape · noclip   ● modified', 'built': {'total': 532, 'fillup': 7, 'page_patches': 308, 'rows': 14, 'cols': 22, 'pages': 2, 'patch': (12.02, 11.94), 'pitch': None}}
2026-09-07 08:51:52,406 [INFO] assess:   shot Screenshots/A8-presets/q12-after-reload.png  (3400x2100)
2026-09-07 08:51:52,406 [INFO] assess:   json Test Runs/logs/d05b_results.json
2026-09-07 08:51:52,408 [DEBUG] core.settings: settings.set helper_markers_show = True
2026-09-07 08:51:52,408 [DEBUG] core.settings: settings.set helper_marker_edge_mm = 2.0
2026-09-07 08:51:52,408 [DEBUG] core.settings: settings.set helper_marker_len_mm = 2.0
2026-09-07 08:51:52,408 [DEBUG] core.settings: settings.set helper_marker_per_patch = 3
2026-09-07 08:51:52,408 [DEBUG] core.settings: settings.set helper_markers_top_bottom = True
2026-09-07 08:51:52,408 [DEBUG] core.settings: settings.set helper_markers_sides = True
2026-09-07 08:51:52,839 [INFO] assess:   armed: dialog ~'Preset already exists' -> click 'Overwrite' 
2026-09-07 08:51:52,992 [INFO] assess:   [save A again] dialog QDialog title='Save Preset'
2026-09-07 08:51:53,248 [INFO] assess:   shot Screenshots/A8-presets/q10-save-AssessPresetA.png  (1354x1044)
2026-09-07 08:51:53,249 [INFO] assess:     clicking 'Save'
2026-09-07 08:51:53,307 [INFO] assess:   DIALOG UNEXPECTED [QMessageBox] title='' buttons=['Overwrite', 'Cancel'] text='A preset named “AssessPresetA” already exists. Overwrite it, or cancel and choose a different name. | '
2026-09-07 08:51:53,315 [INFO] assess:     closed via clicked 'Cancel'
2026-09-07 08:51:55,033 [INFO] assess: overwrite: {'seen': True, 'dialogs': [('', 'UNEXPECTED')], 'files': ['AssessPresetA.json', 'AssessPresetA.ti1', 'i1Pro-A4-525p-3pages-Landscape-AssessPresetA.json', 'i1Pro-A4-525p-3pages-Landscape-AssessPresetA.ti1', 'i1Pro-A4-525p-3pages-Landscape-AssessPresetB.json', 'i1Pro-A4-525p-3pages-Landscape-AssessPresetB.ti1']}
2026-09-07 08:51:55,034 [INFO] assess:   json Test Runs/logs/d05b_results.json
2026-09-07 08:51:55,186 [INFO] assess:   [delete A] dialog QDialog title='Delete Preset'
2026-09-07 08:51:55,197 [INFO] assess:   shot Screenshots/A8-presets/q13-delete-dialog.png  (920x324)
2026-09-07 08:51:55,197 [INFO] assess:     clicking 'Delete'
2026-09-07 08:51:56,637 [INFO] assess: delete: {'seen': True, 'in_combo': True, 'files': ['AssessPresetA.json', 'AssessPresetA.ti1', 'i1Pro-A4-525p-3pages-Landscape-AssessPresetB.json', 'i1Pro-A4-525p-3pages-Landscape-AssessPresetB.ti1'], 'combo_after': 'none', 'recipe_after_delete': {'instrument': 'i1', 'paper': 'A4R', 'layout_mode': 'patch_first', 'area_method': 'by_grid', 'patch_w_mm': 12.0, 'patch_h_mm': 12.0, 'margin_top': 15.0, 'margin_right': 15.0, 'margin_bottom': 15.0, 'margin_left': 15.0, 'use_instrument_margins': False, 'clip_border': False, 'clip_content_mode': 'off', 'chart_text': 'Preset {project}', 'helper_markers': True, 'show_row_indicators': True, 'pscale': 1.0, 'spacer_mode': 'none', 'indicator_size_mm': 1.76, 'randomize': True, 'dpi': 300, 'hflag': False}}
2026-09-07 08:51:56,638 [INFO] assess:   json Test Runs/logs/d05b_results.json
2026-09-07 08:51:58,005 [DEBUG] core.settings: settings.set helper_markers_show = True
2026-09-07 08:51:58,006 [DEBUG] core.settings: settings.set helper_marker_edge_mm = 2.0
2026-09-07 08:51:58,006 [DEBUG] core.settings: settings.set helper_marker_len_mm = 2.0
2026-09-07 08:51:58,006 [DEBUG] core.settings: settings.set helper_marker_per_patch = 3
2026-09-07 08:51:58,006 [DEBUG] core.settings: settings.set helper_markers_top_bottom = True
2026-09-07 08:51:58,006 [DEBUG] core.settings: settings.set helper_markers_sides = True
2026-09-07 08:51:58,689 [INFO] assess:   [save B] dialog QDialog title='Save Preset'
2026-09-07 08:51:58,952 [INFO] assess:   shot Screenshots/A8-presets/q10-save-AssessPresetB.png  (1354x1044)
2026-09-07 08:51:58,952 [INFO] assess:     clicking 'Save'
2026-09-07 08:52:00,689 [INFO] assess:   json Test Runs/logs/d05b_presetB_recipe_saved.json
2026-09-07 08:52:00,691 [INFO] assess:   json Test Runs/logs/d05b_results.json
2026-09-07 08:52:00,691 [INFO] assess:   armed: dialog ~'quite fill' -> click 'OK' 
2026-09-07 08:52:00,691 [INFO] assess:   armed: dialog ~'scanner' -> click 'OK' 
2026-09-07 08:52:00,691 [INFO] assess:   armed: dialog ~'already' -> click 'Continue this project' 
2026-09-07 08:52:00,797 [DEBUG] core.settings: settings.set use_chromiq_layout_engine = False
2026-09-07 08:52:00,806 [DEBUG] core.file_manager: Target name set to: A5-Furniture (root /Users/Basti/ChromIQ-assessment/A5-Furniture)
2026-09-07 08:52:00,806 [INFO] core.file_manager: opened the EXISTING project at /Users/Basti/ChromIQ-assessment/A5-Furniture (1 run(s) on disk)
2026-09-07 08:52:00,806 [DEBUG] core.settings: settings.set session_ti3_path = ''
2026-09-07 08:52:00,806 [DEBUG] core.settings: settings.set session_icc_path = ''
2026-09-07 08:52:00,807 [DEBUG] core.settings: settings.set session_cal_ti3_path = ''
2026-09-07 08:52:00,815 [DEBUG] ui.tiff_preview: TiffPreview: loaded 2 page(s)
2026-09-07 08:52:00,815 [INFO] ui.tabs.tab_chart: Preview loaded: 2 TIFF(s)
2026-09-07 08:52:01,135 [DEBUG] ui.tiff_preview: TiffPreview: loaded 2 page(s)
2026-09-07 08:52:01,139 [DEBUG] ui.tiff_preview: TiffPreview: loaded 2 page(s)
2026-09-07 08:52:01,146 [DEBUG] ui.tabs.tab_chart: create-chart settings written for run1 (40 parameters + ui state)
2026-09-07 08:52:02,224 [INFO] assess:   picked preset #80 '★  i1Pro · A4-1160p-2pages TC9.18 extended greys by Pharmacist  ·  built-in' (activated)
2026-09-07 08:52:05,592 [INFO] assess:   shot Screenshots/A8-presets/q14-builtin-tc918eg-a4-printtarg-kind.png  (3400x2100)
2026-09-07 08:52:05,594 [INFO] assess: [builtin tc918eg-a4-printtarg-kind] engine True->False enabled=True actual={'total': 1160, 'fillup': 0, 'page_patches': 580, 'rows': 29, 'cols': 20, 'pages': 2, 'patch': (8.33, 7.69), 'pitch': None} est=None info='Manual mode — your current configuration (1 page · Auto patch count · Auto grey/white/black):\ntargen -d2 -f0 -e4 -B4 -G -g8 chart\nprinttarg -ii1 -pA4R -t300 -L -m15 -M15 -n chart' dialogs=[]
2026-09-07 08:52:05,594 [INFO] assess:   json Test Runs/logs/d05b_results.json
2026-09-07 08:52:05,594 [INFO] assess:   armed: dialog ~'quite fill' -> click 'OK' 
2026-09-07 08:52:05,594 [INFO] assess:   armed: dialog ~'scanner' -> click 'OK' 
2026-09-07 08:52:05,594 [INFO] assess:   armed: dialog ~'already' -> click 'Continue this project' 
2026-09-07 08:52:05,708 [DEBUG] core.settings: settings.set use_chromiq_layout_engine = True
2026-09-07 08:52:05,708 [DEBUG] ui.dialogs.layout_options_panel: layout panel set_recipe: spacer=none/False gaps=0.0/0.0  [_on_manual_engine_toggled:5062  ←  _convert_printtarg_to_engine:5156  ←  _set_engine_recipe:17986]
2026-09-07 08:52:05,718 [DEBUG] core.settings: settings.set helper_markers_show = True
2026-09-07 08:52:05,718 [DEBUG] core.settings: settings.set helper_marker_edge_mm = 2.0
2026-09-07 08:52:05,718 [DEBUG] core.settings: settings.set helper_marker_len_mm = 2.0
2026-09-07 08:52:05,718 [DEBUG] core.settings: settings.set helper_marker_per_patch = 3
2026-09-07 08:52:05,718 [DEBUG] core.settings: settings.set helper_markers_top_bottom = True
2026-09-07 08:52:05,718 [DEBUG] core.settings: settings.set helper_markers_sides = True
2026-09-07 08:52:05,723 [DEBUG] core.settings: settings.set helper_markers_show = True
2026-09-07 08:52:05,723 [DEBUG] core.settings: settings.set helper_marker_edge_mm = 2.0
2026-09-07 08:52:05,723 [DEBUG] core.settings: settings.set helper_marker_len_mm = 2.0
2026-09-07 08:52:05,723 [DEBUG] core.settings: settings.set helper_marker_per_patch = 3
2026-09-07 08:52:05,723 [DEBUG] core.settings: settings.set helper_markers_top_bottom = True
2026-09-07 08:52:05,723 [DEBUG] core.settings: settings.set helper_markers_sides = True
2026-09-07 08:52:05,728 [DEBUG] core.settings: settings.set helper_markers_show = True
2026-09-07 08:52:05,728 [DEBUG] core.settings: settings.set helper_marker_edge_mm = 2.0
2026-09-07 08:52:05,728 [DEBUG] core.settings: settings.set helper_marker_len_mm = 2.0
2026-09-07 08:52:05,728 [DEBUG] core.settings: settings.set helper_marker_per_patch = 3
2026-09-07 08:52:05,728 [DEBUG] core.settings: settings.set helper_markers_top_bottom = True
2026-09-07 08:52:05,728 [DEBUG] core.settings: settings.set helper_markers_sides = True
2026-09-07 08:52:05,751 [DEBUG] ui.dialogs.layout_options_panel: layout panel set_recipe: spacer=colored/True gaps=0.0/0.0  [_apply_knut_preset:10802  ←  _seed_knut_preset:10730  ←  _set_engine_recipe:17986]
2026-09-07 08:52:05,753 [DEBUG] core.settings: settings.set helper_markers_show = True
2026-09-07 08:52:05,753 [DEBUG] core.settings: settings.set helper_marker_edge_mm = 4.0
2026-09-07 08:52:05,753 [DEBUG] core.settings: settings.set helper_marker_len_mm = 2.0
2026-09-07 08:52:05,753 [DEBUG] core.settings: settings.set helper_marker_per_patch = 3
2026-09-07 08:52:05,753 [DEBUG] core.settings: settings.set helper_markers_top_bottom = True
2026-09-07 08:52:05,753 [DEBUG] core.settings: settings.set helper_markers_sides = True
2026-09-07 08:52:05,758 [DEBUG] core.settings: settings.set helper_markers_show = True
2026-09-07 08:52:05,758 [DEBUG] core.settings: settings.set helper_marker_edge_mm = 4.0
2026-09-07 08:52:05,758 [DEBUG] core.settings: settings.set helper_marker_len_mm = 2.0
2026-09-07 08:52:05,758 [DEBUG] core.settings: settings.set helper_marker_per_patch = 5
2026-09-07 08:52:05,758 [DEBUG] core.settings: settings.set helper_markers_top_bottom = True
2026-09-07 08:52:05,758 [DEBUG] core.settings: settings.set helper_markers_sides = True
2026-09-07 08:52:05,763 [DEBUG] core.settings: settings.set helper_markers_show = True
2026-09-07 08:52:05,763 [DEBUG] core.settings: settings.set helper_marker_edge_mm = 4.0
2026-09-07 08:52:05,763 [DEBUG] core.settings: settings.set helper_marker_len_mm = 2.0
2026-09-07 08:52:05,763 [DEBUG] core.settings: settings.set helper_marker_per_patch = 5
2026-09-07 08:52:05,763 [DEBUG] core.settings: settings.set helper_markers_top_bottom = True
2026-09-07 08:52:05,763 [DEBUG] core.settings: settings.set helper_markers_sides = False
2026-09-07 08:52:05,772 [DEBUG] core.settings: settings.set helper_markers_show = True
2026-09-07 08:52:05,772 [DEBUG] core.settings: settings.set helper_marker_edge_mm = 4.0
2026-09-07 08:52:05,772 [DEBUG] core.settings: settings.set helper_marker_len_mm = 2.0
2026-09-07 08:52:05,772 [DEBUG] core.settings: settings.set helper_marker_per_patch = 5
2026-09-07 08:52:05,772 [DEBUG] core.settings: settings.set helper_markers_top_bottom = True
2026-09-07 08:52:05,772 [DEBUG] core.settings: settings.set helper_markers_sides = False
2026-09-07 08:52:05,811 [DEBUG] core.settings: settings.set helper_markers_show = True
2026-09-07 08:52:05,811 [DEBUG] core.settings: settings.set helper_marker_edge_mm = 4.0
2026-09-07 08:52:05,811 [DEBUG] core.settings: settings.set helper_marker_len_mm = 2.0
2026-09-07 08:52:05,811 [DEBUG] core.settings: settings.set helper_marker_per_patch = 5
2026-09-07 08:52:05,811 [DEBUG] core.settings: settings.set helper_markers_top_bottom = True
2026-09-07 08:52:05,811 [DEBUG] core.settings: settings.set helper_markers_sides = False
2026-09-07 08:52:05,855 [INFO] ui.tabs.tab_chart: chart build (user) in manual: patch set chart.ti1 | manual panel: A4, 24x27 grid, margins T38.0 R4.0 B19.0 L26.0
2026-09-07 08:52:05,855 [DEBUG] core.settings: settings.set session_ti3_path = ''
2026-09-07 08:52:05,855 [DEBUG] core.settings: settings.set session_icc_path = ''
2026-09-07 08:52:05,855 [DEBUG] core.settings: settings.set session_cal_ti3_path = ''
2026-09-07 08:52:05,856 [DEBUG] core.file_manager: Target name set to: A5-Furniture (root /Users/Basti/ChromIQ-assessment/A5-Furniture)
2026-09-07 08:52:05,856 [INFO] core.file_manager: opened the EXISTING project at /Users/Basti/ChromIQ-assessment/A5-Furniture (1 run(s) on disk)
2026-09-07 08:52:05,899 [DEBUG] workflow.chart_creator: Wrote channel sidecar A5-Furniture.channels.json: ['r', 'g', 'b']
2026-09-07 08:52:05,940 [DEBUG] ui.tiff_preview: TiffPreview: loaded 1 page(s)
2026-09-07 08:52:05,940 [INFO] ui.tabs.tab_chart: Preview loaded: 1 TIFF(s)
2026-09-07 08:52:06,002 [DEBUG] ui.tiff_preview: TiffPreview: loaded 1 page(s)
2026-09-07 08:52:06,003 [DEBUG] ui.tiff_preview: TiffPreview: loaded 1 page(s)
2026-09-07 08:52:06,021 [DEBUG] ui.tabs.tab_chart: create-chart settings written for run1 (40 parameters + ui state)
2026-09-07 08:52:06,389 [INFO] assess:   picked preset #84 '★  i1Pro · A4-162p-1page-Portrait-w7.5mm · Full layout setup  ·  built-in' (activated)
2026-09-07 08:52:09,777 [INFO] assess:   shot Screenshots/A8-presets/q14-builtin-knut-i1-w75-162p-fulllayout.png  (3400x2100)
2026-09-07 08:52:09,778 [INFO] assess: [builtin knut-i1-w75-162p-fulllayout] engine False->True enabled=True actual={'total': 162, 'fillup': 0, 'page_patches': 162, 'rows': 27, 'cols': 6, 'pages': 1, 'patch': (7.49, 8.13), 'pitch': None} est={'total': 162, 'fillup': 0, 'page_patches': 162, 'rows': 27, 'cols': 6, 'pages': 1, 'patch': (7.49, 8.11), 'pitch': None} info='ndled 162-patch .ti1 (targen skipped).\nprinttarg -ii1 -pA4 -t200 -L -m15 -M15 -n chart\nChange a targen setting above to build a fresh chart instead.\nLayout preset: i1 · A4 portrait · clip   ● modified' dialogs=[]
2026-09-07 08:52:09,779 [INFO] assess:   json Test Runs/logs/d05b_results.json
2026-09-07 08:52:09,779 [INFO] assess:   armed: dialog ~'quite fill' -> click 'OK' 
2026-09-07 08:52:09,779 [INFO] assess:   armed: dialog ~'scanner' -> click 'OK' 
2026-09-07 08:52:09,779 [INFO] assess:   armed: dialog ~'already' -> click 'Continue this project' 
2026-09-07 08:52:09,965 [DEBUG] ui.dialogs.layout_options_panel: layout panel set_recipe: spacer=none/False gaps=0.0/0.0  [_apply_knut_preset:10802  ←  _seed_knut_preset:10730  ←  _set_engine_recipe:17986]
2026-09-07 08:52:09,980 [DEBUG] core.settings: settings.set helper_markers_show = True
2026-09-07 08:52:09,980 [DEBUG] core.settings: settings.set helper_marker_edge_mm = 4.0
2026-09-07 08:52:09,980 [DEBUG] core.settings: settings.set helper_marker_len_mm = 2.0
2026-09-07 08:52:09,980 [DEBUG] core.settings: settings.set helper_marker_per_patch = 3
2026-09-07 08:52:09,980 [DEBUG] core.settings: settings.set helper_markers_top_bottom = True
2026-09-07 08:52:09,980 [DEBUG] core.settings: settings.set helper_markers_sides = False
2026-09-07 08:52:10,047 [DEBUG] core.settings: settings.set helper_markers_show = True
2026-09-07 08:52:10,047 [DEBUG] core.settings: settings.set helper_marker_edge_mm = 4.0
2026-09-07 08:52:10,047 [DEBUG] core.settings: settings.set helper_marker_len_mm = 2.0
2026-09-07 08:52:10,047 [DEBUG] core.settings: settings.set helper_marker_per_patch = 3
2026-09-07 08:52:10,047 [DEBUG] core.settings: settings.set helper_markers_top_bottom = True
2026-09-07 08:52:10,047 [DEBUG] core.settings: settings.set helper_markers_sides = False
2026-09-07 08:52:10,113 [DEBUG] core.settings: settings.set helper_markers_show = True
2026-09-07 08:52:10,113 [DEBUG] core.settings: settings.set helper_marker_edge_mm = 4.0
2026-09-07 08:52:10,113 [DEBUG] core.settings: settings.set helper_marker_len_mm = 2.0
2026-09-07 08:52:10,113 [DEBUG] core.settings: settings.set helper_marker_per_patch = 3
2026-09-07 08:52:10,113 [DEBUG] core.settings: settings.set helper_markers_top_bottom = True
2026-09-07 08:52:10,113 [DEBUG] core.settings: settings.set helper_markers_sides = False
2026-09-07 08:52:10,178 [DEBUG] core.settings: settings.set helper_markers_show = True
2026-09-07 08:52:10,178 [DEBUG] core.settings: settings.set helper_marker_edge_mm = 4.0
2026-09-07 08:52:10,178 [DEBUG] core.settings: settings.set helper_marker_len_mm = 2.0
2026-09-07 08:52:10,178 [DEBUG] core.settings: settings.set helper_marker_per_patch = 3
2026-09-07 08:52:10,178 [DEBUG] core.settings: settings.set helper_markers_top_bottom = True
2026-09-07 08:52:10,178 [DEBUG] core.settings: settings.set helper_markers_sides = False
2026-09-07 08:52:10,234 [INFO] ui.tabs.tab_chart: chart build (user) in manual: patch set chart.ti1 | manual panel: A4, 9x17 grid, margins T13.0 R26.0 B13.0 L13.0
2026-09-07 08:52:10,235 [DEBUG] core.settings: settings.set session_ti3_path = ''
2026-09-07 08:52:10,235 [DEBUG] core.settings: settings.set session_icc_path = ''
2026-09-07 08:52:10,235 [DEBUG] core.settings: settings.set session_cal_ti3_path = ''
2026-09-07 08:52:10,235 [DEBUG] core.file_manager: Target name set to: A5-Furniture (root /Users/Basti/ChromIQ-assessment/A5-Furniture)
2026-09-07 08:52:10,236 [INFO] core.file_manager: opened the EXISTING project at /Users/Basti/ChromIQ-assessment/A5-Furniture (1 run(s) on disk)
2026-09-07 08:52:10,289 [DEBUG] workflow.chart_creator: Wrote channel sidecar A5-Furniture.channels.json: ['r', 'g', 'b']
2026-09-07 08:52:10,328 [DEBUG] ui.tiff_preview: TiffPreview: loaded 1 page(s)
2026-09-07 08:52:10,328 [INFO] ui.tabs.tab_chart: Preview loaded: 1 TIFF(s)
2026-09-07 08:52:10,380 [DEBUG] ui.tiff_preview: TiffPreview: loaded 1 page(s)
2026-09-07 08:52:10,381 [DEBUG] ui.tiff_preview: TiffPreview: loaded 1 page(s)
2026-09-07 08:52:10,386 [DEBUG] ui.tabs.tab_chart: create-chart settings written for run1 (40 parameters + ui state)
2026-09-07 08:52:10,814 [INFO] assess:   picked preset #153 '★  CR30 · A4-153p-1page-Portrait-w18.0mm-Hexagonal · Full layout setup  ·  built-in' (activated)
2026-09-07 08:52:14,187 [INFO] assess:   shot Screenshots/A8-presets/q14-builtin-knut-cr30-153p-hex.png  (3400x2100)
2026-09-07 08:52:14,188 [INFO] assess: [builtin knut-cr30-153p-hex] engine True->True enabled=True actual={'total': 153, 'fillup': 0, 'page_patches': 153, 'rows': 17, 'cols': 9, 'pages': 1, 'patch': (17.78, 20.49), 'pitch': 15.37} est={'total': 153, 'fillup': 0, 'page_patches': 153, 'rows': 17, 'cols': 9, 'pages': 1, 'patch': (17.85, 20.61), 'pitch': 15.46} info=' bundled 153-patch .ti1 (targen skipped).\nprinttarg -iCR30 -pA4 -t200 -m15 -M15 chart\nChange a targen setting above to build a fresh chart instead.\nLayout preset: CR30 · A4 portrait · hex   ● modified' dialogs=[]
2026-09-07 08:52:14,188 [INFO] assess:   json Test Runs/logs/d05b_results.json
2026-09-07 08:52:14,188 [INFO] assess:   armed: dialog ~'quite fill' -> click 'OK' 
2026-09-07 08:52:14,188 [INFO] assess:   armed: dialog ~'scanner' -> click 'OK' 
2026-09-07 08:52:14,188 [INFO] assess:   armed: dialog ~'already' -> click 'Continue this project' 
2026-09-07 08:52:14,411 [DEBUG] ui.dialogs.layout_options_panel: layout panel set_recipe: spacer=colored/True gaps=0.0/0.0  [_apply_knut_preset:10802  ←  _seed_knut_preset:10730  ←  _set_engine_recipe:17986]
2026-09-07 08:52:14,435 [DEBUG] core.settings: settings.set helper_markers_show = False
2026-09-07 08:52:14,435 [DEBUG] core.settings: settings.set helper_marker_edge_mm = 4.0
2026-09-07 08:52:14,435 [DEBUG] core.settings: settings.set helper_marker_len_mm = 2.0
2026-09-07 08:52:14,435 [DEBUG] core.settings: settings.set helper_marker_per_patch = 3
2026-09-07 08:52:14,435 [DEBUG] core.settings: settings.set helper_markers_top_bottom = True
2026-09-07 08:52:14,435 [DEBUG] core.settings: settings.set helper_markers_sides = False
2026-09-07 08:52:14,461 [DEBUG] core.settings: settings.set helper_markers_show = False
2026-09-07 08:52:14,461 [DEBUG] core.settings: settings.set helper_marker_edge_mm = 2.0
2026-09-07 08:52:14,461 [DEBUG] core.settings: settings.set helper_marker_len_mm = 2.0
2026-09-07 08:52:14,461 [DEBUG] core.settings: settings.set helper_marker_per_patch = 3
2026-09-07 08:52:14,461 [DEBUG] core.settings: settings.set helper_markers_top_bottom = True
2026-09-07 08:52:14,461 [DEBUG] core.settings: settings.set helper_markers_sides = False
2026-09-07 08:52:14,486 [DEBUG] core.settings: settings.set helper_markers_show = False
2026-09-07 08:52:14,486 [DEBUG] core.settings: settings.set helper_marker_edge_mm = 2.0
2026-09-07 08:52:14,486 [DEBUG] core.settings: settings.set helper_marker_len_mm = 2.0
2026-09-07 08:52:14,486 [DEBUG] core.settings: settings.set helper_marker_per_patch = 3
2026-09-07 08:52:14,486 [DEBUG] core.settings: settings.set helper_markers_top_bottom = True
2026-09-07 08:52:14,486 [DEBUG] core.settings: settings.set helper_markers_sides = True
2026-09-07 08:52:14,536 [DEBUG] core.settings: settings.set helper_markers_show = False
2026-09-07 08:52:14,536 [DEBUG] core.settings: settings.set helper_marker_edge_mm = 2.0
2026-09-07 08:52:14,536 [DEBUG] core.settings: settings.set helper_marker_len_mm = 2.0
2026-09-07 08:52:14,536 [DEBUG] core.settings: settings.set helper_marker_per_patch = 3
2026-09-07 08:52:14,536 [DEBUG] core.settings: settings.set helper_markers_top_bottom = True
2026-09-07 08:52:14,536 [DEBUG] core.settings: settings.set helper_markers_sides = True
2026-09-07 08:52:14,588 [DEBUG] core.settings: settings.set helper_markers_show = False
2026-09-07 08:52:14,588 [DEBUG] core.settings: settings.set helper_marker_edge_mm = 2.0
2026-09-07 08:52:14,588 [DEBUG] core.settings: settings.set helper_marker_len_mm = 2.0
2026-09-07 08:52:14,588 [DEBUG] core.settings: settings.set helper_marker_per_patch = 3
2026-09-07 08:52:14,588 [DEBUG] core.settings: settings.set helper_markers_top_bottom = True
2026-09-07 08:52:14,588 [DEBUG] core.settings: settings.set helper_markers_sides = True
2026-09-07 08:52:14,641 [DEBUG] core.settings: settings.set helper_markers_show = False
2026-09-07 08:52:14,641 [DEBUG] core.settings: settings.set helper_marker_edge_mm = 2.0
2026-09-07 08:52:14,641 [DEBUG] core.settings: settings.set helper_marker_len_mm = 2.0
2026-09-07 08:52:14,641 [DEBUG] core.settings: settings.set helper_marker_per_patch = 3
2026-09-07 08:52:14,641 [DEBUG] core.settings: settings.set helper_markers_top_bottom = True
2026-09-07 08:52:14,641 [DEBUG] core.settings: settings.set helper_markers_sides = True
2026-09-07 08:52:14,666 [INFO] ui.tabs.tab_chart: chart build (user) in manual: patch set chart.ti1 | manual panel: A4R, 0x0 grid, margins T8.0 R4.0 B4.0 L4.0
2026-09-07 08:52:14,667 [DEBUG] core.settings: settings.set session_ti3_path = ''
2026-09-07 08:52:14,667 [DEBUG] core.settings: settings.set session_icc_path = ''
2026-09-07 08:52:14,667 [DEBUG] core.settings: settings.set session_cal_ti3_path = ''
2026-09-07 08:52:14,667 [DEBUG] core.file_manager: Target name set to: A5-Furniture (root /Users/Basti/ChromIQ-assessment/A5-Furniture)
2026-09-07 08:52:14,667 [INFO] core.file_manager: opened the EXISTING project at /Users/Basti/ChromIQ-assessment/A5-Furniture (1 run(s) on disk)
2026-09-07 08:52:16,260 [DEBUG] workflow.chart_creator: Wrote channel sidecar A5-Furniture.channels.json: ['r', 'g', 'b']
2026-09-07 08:52:16,347 [DEBUG] ui.tiff_preview: TiffPreview: loaded 1 page(s)
2026-09-07 08:52:16,347 [INFO] ui.tabs.tab_chart: Preview loaded: 1 TIFF(s)
2026-09-07 08:52:16,443 [DEBUG] ui.tiff_preview: TiffPreview: loaded 1 page(s)
2026-09-07 08:52:16,451 [DEBUG] ui.tiff_preview: TiffPreview: loaded 1 page(s)
2026-09-07 08:52:16,469 [DEBUG] ui.tabs.tab_chart: create-chart settings written for run1 (40 parameters + ui state)
2026-09-07 08:52:17,463 [INFO] assess:   picked preset #174 '★  Scanner · A4-3430p-1page-Landscape-w4.0mm · Profile printer with scanner · Full layout setup  ·  built-in' (activated)
2026-09-07 08:52:20,856 [INFO] assess:   shot Screenshots/A8-presets/q14-builtin-knut-scanner-a4-3430p.png  (3400x2100)
2026-09-07 08:52:20,859 [INFO] assess: [builtin knut-scanner-a4-3430p] engine True->True enabled=True actual={'total': 3430, 'fillup': 0, 'page_patches': 3430, 'rows': 49, 'cols': 70, 'pages': 1, 'patch': (3.98, 4.06), 'pitch': None} est={'total': 3430, 'fillup': 0, 'page_patches': 3430, 'rows': 49, 'cols': 70, 'pages': 1, 'patch': (4.0, 4.04), 'pitch': None} info=' bundled 3430-patch .ti1 (targen skipped).\nprinttarg -iSS -pA4R -t300 -m15 -M15 chart\nChange a targen setting above to build a fresh chart instead.\nLayout preset: SS · A4 landscape · flat   ● modified' dialogs=[]
2026-09-07 08:52:20,860 [INFO] assess:   json Test Runs/logs/d05b_results.json
2026-09-07 08:52:21,497 [INFO] assess:   picked preset #0 'none' (activated)
2026-09-07 08:52:22,501 [INFO] assess: after none: {'engine': True, 'recipe': {'instrument': 'SS', 'paper': 'A4R', 'layout_mode': 'area_first', 'area_method': 'by_width', 'patch_w_mm': 0.0, 'patch_h_mm': 0.0, 'margin_top': 8.0, 'margin_right': 4.0, 'margin_bottom': 4.0, 'margin_left': 4.0, 'use_instrument_margins': False, 'clip_border': True, 'clip_content_mode': 'off', 'chart_text': '', 'helper_markers': False, 'show_row_indicators': None, 'pscale': 1.0, 'spacer_mode': 'colored', 'indicator_size_mm': 0.0, 'randomize': False, 'dpi': 300, 'hflag': False}, 'panel_enabled': True, 'info': 'o grey/white/black):\ntargen -d2 -f0 -e6 -B6 -G -g59 chart\nChromIQ layout engine · SS · A4 landscape · 300 dpi · margins 8/4/4/4 mm · area-fit ≥4 mm\nLayout preset: SS · A4 landscape · flat   ● modified'}
2026-09-07 08:52:22,502 [INFO] assess:   json Test Runs/logs/d05b_results.json
2026-09-07 08:52:22,598 [DEBUG] core.settings: settings.set helper_markers_show = False
2026-09-07 08:52:22,598 [DEBUG] core.settings: settings.set helper_marker_edge_mm = 2.0
2026-09-07 08:52:22,598 [DEBUG] core.settings: settings.set helper_marker_len_mm = 2.0
2026-09-07 08:52:22,598 [DEBUG] core.settings: settings.set helper_marker_per_patch = 3
2026-09-07 08:52:22,598 [DEBUG] core.settings: settings.set helper_markers_top_bottom = True
2026-09-07 08:52:22,598 [DEBUG] core.settings: settings.set helper_markers_sides = True
2026-09-07 08:52:22,819 [DEBUG] core.settings: settings.set helper_markers_show = False
2026-09-07 08:52:22,819 [DEBUG] core.settings: settings.set helper_marker_edge_mm = 2.0
2026-09-07 08:52:22,819 [DEBUG] core.settings: settings.set helper_marker_len_mm = 2.0
2026-09-07 08:52:22,819 [DEBUG] core.settings: settings.set helper_marker_per_patch = 3
2026-09-07 08:52:22,819 [DEBUG] core.settings: settings.set helper_markers_top_bottom = True
2026-09-07 08:52:22,819 [DEBUG] core.settings: settings.set helper_markers_sides = True
2026-09-07 08:52:23,383 [DEBUG] core.settings: settings.set helper_markers_show = False
2026-09-07 08:52:23,383 [DEBUG] core.settings: settings.set helper_marker_edge_mm = 2.0
2026-09-07 08:52:23,383 [DEBUG] core.settings: settings.set helper_marker_len_mm = 2.0
2026-09-07 08:52:23,383 [DEBUG] core.settings: settings.set helper_marker_per_patch = 3
2026-09-07 08:52:23,383 [DEBUG] core.settings: settings.set helper_markers_top_bottom = True
2026-09-07 08:52:23,383 [DEBUG] core.settings: settings.set helper_markers_sides = True
2026-09-07 08:52:24,100 [INFO] assess:   armed: dialog ~'quite fill' -> click 'OK' 
2026-09-07 08:52:24,101 [INFO] assess:   armed: dialog ~'already' -> click 'Continue this project' 
2026-09-07 08:52:24,101 [INFO] ui.tabs.tab_chart: chart build (Generate Chart) in manual: patch set targen | manual panel: A4, 0x0 grid, margins T38.0 R9.0 B19.0 L26.0
2026-09-07 08:52:24,102 [DEBUG] core.settings: settings.set session_ti3_path = ''
2026-09-07 08:52:24,102 [DEBUG] core.settings: settings.set session_icc_path = ''
2026-09-07 08:52:24,102 [DEBUG] core.settings: settings.set session_cal_ti3_path = ''
2026-09-07 08:52:24,103 [DEBUG] core.file_manager: Target name set to: A5-Furniture (root /Users/Basti/ChromIQ-assessment/A5-Furniture)
2026-09-07 08:52:24,103 [INFO] core.file_manager: opened the EXISTING project at /Users/Basti/ChromIQ-assessment/A5-Furniture (1 run(s) on disk)
2026-09-07 08:52:24,107 [INFO] workflow.chart_creator: Chart generation: 300 patches, instrument=i1 paper=A4 disable_lb=True
2026-09-07 08:52:24,107 [INFO] workflow.chart_creator: targen args: ['-v', '-d2', '-f300', '-e3', '-B3', '-G', '-g17', 'A5-Furniture']
2026-09-07 08:52:24,107 [INFO] core.argyll_runner: Run: /Applications/Argyll/bin/targen -v -d2 -f300 -e3 -B3 -G -g17 A5-Furniture  [cwd=/Users/Basti/ChromIQ-assessment/A5-Furniture/runs/run1]
2026-09-07 08:52:24,197 [DEBUG] core.argyll_runner: [argyll] iRGB test chart
2026-09-07 08:52:24,197 [DEBUG] core.argyll_runner: [argyll] White patches = 3
2026-09-07 08:52:24,198 [DEBUG] core.argyll_runner: [argyll] Black patches = 3
2026-09-07 08:52:24,198 [DEBUG] core.argyll_runner: [argyll] Composite Grey steps = 17
2026-09-07 08:52:24,198 [DEBUG] core.argyll_runner: [argyll] Full spread patches = 300
2026-09-07 08:52:24,198 [DEBUG] core.argyll_runner: [argyll] Degree of adaptation: 0.100
2026-09-07 08:52:24,198 [DEBUG] core.argyll_runner: [argyll] Adaptation weights: Device = 0.935, Perceptual = 0.065, Curvature = 0.010
2026-09-07 08:52:24,198 [DEBUG] core.argyll_runner: [argyll] Perceptual cache resolution = 7
2026-09-07 08:52:24,199 [DEBUG] core.argyll_runner: [argyll] Seeding cache...done
2026-09-07 08:52:24,199 [DEBUG] core.argyll_runner: [argyll] Acceleration grid res = 7
2026-09-07 08:52:24,199 [DEBUG] core.argyll_runner: [argyll] 
2026-09-07 08:52:24,199 [DEBUG] core.argyll_runner: [argyll] There are 17 unique fixed points to add (21 total fixed points)
2026-09-07 08:52:24,199 [DEBUG] core.argyll_runner: [argyll] There are 279 far spread points to add
2026-09-07 08:52:24,199 [DEBUG] core.argyll_runner: [argyll] 
2026-09-07 08:52:24,200 [DEBUG] core.argyll_runner: [argyll] Added 12/296
2026-09-07 08:52:24,200 [DEBUG] core.argyll_runner: [argyll] Added 23/296
2026-09-07 08:52:24,200 [DEBUG] core.argyll_runner: [argyll] Added 34/296
2026-09-07 08:52:24,200 [DEBUG] core.argyll_runner: [argyll] Added 45/296
2026-09-07 08:52:24,201 [DEBUG] core.argyll_runner: [argyll] Added 56/296
2026-09-07 08:52:24,201 [DEBUG] core.argyll_runner: [argyll] Added 67/296
2026-09-07 08:52:24,202 [DEBUG] core.argyll_runner: [argyll] Added 78/296
2026-09-07 08:52:24,203 [DEBUG] core.argyll_runner: [argyll] Added 89/296
2026-09-07 08:52:24,204 [DEBUG] core.argyll_runner: [argyll] Added 100/296
2026-09-07 08:52:24,205 [DEBUG] core.argyll_runner: [argyll] Added 111/296
2026-09-07 08:52:24,206 [DEBUG] core.argyll_runner: [argyll] Added 122/296
2026-09-07 08:52:24,208 [DEBUG] core.argyll_runner: [argyll] Added 133/296
2026-09-07 08:52:24,209 [DEBUG] core.argyll_runner: [argyll] Added 144/296
2026-09-07 08:52:24,211 [DEBUG] core.argyll_runner: [argyll] Added 155/296
2026-09-07 08:52:24,213 [DEBUG] core.argyll_runner: [argyll] Added 166/296
2026-09-07 08:52:24,214 [DEBUG] core.argyll_runner: [argyll] Added 177/296
2026-09-07 08:52:24,216 [DEBUG] core.argyll_runner: [argyll] Added 188/296
2026-09-07 08:52:24,219 [DEBUG] core.argyll_runner: [argyll] Added 199/296
2026-09-07 08:52:24,221 [DEBUG] core.argyll_runner: [argyll] Added 210/296
2026-09-07 08:52:24,223 [DEBUG] core.argyll_runner: [argyll] Added 221/296
2026-09-07 08:52:24,226 [DEBUG] core.argyll_runner: [argyll] Added 232/296
2026-09-07 08:52:24,228 [DEBUG] core.argyll_runner: [argyll] Added 243/296
2026-09-07 08:52:24,263 [DEBUG] core.argyll_runner: [argyll] 
2026-09-07 08:52:24,264 [DEBUG] core.argyll_runner: [argyll] Added 254/296
2026-09-07 08:52:24,264 [DEBUG] core.argyll_runner: [argyll] Added 265/296
2026-09-07 08:52:24,264 [DEBUG] core.argyll_runner: [argyll] Added 276/296
2026-09-07 08:52:24,265 [DEBUG] core.argyll_runner: [argyll] Added 287/296
2026-09-07 08:52:24,265 [DEBUG] core.argyll_runner: [argyll] Added 296/296
2026-09-07 08:52:24,678 [DEBUG] core.argyll_runner: [argyll] 
2026-09-07 08:52:24,678 [DEBUG] core.argyll_runner: [argyll] After seeding points: MinPoint = 3.847, Min = 5.284, Avg. = 13.258, Max = 16.725, 0.0 secs
2026-09-07 08:52:24,679 [DEBUG] core.argyll_runner: [argyll] Re-seeding
2026-09-07 08:52:24,679 [DEBUG] core.argyll_runner: [argyll] It 1: Maxmv = 0.135022, MinPoint = 4.062, Min = 5.851, Avg. = 13.327, Max = 17.919, 0.0 secs.
2026-09-07 08:52:24,679 [DEBUG] core.argyll_runner: [argyll] Re-seeding
2026-09-07 08:52:24,679 [DEBUG] core.argyll_runner: [argyll] It 2: Maxmv = 0.097942, MinPoint = 5.856, Min = 6.115, Avg. = 13.230, Max = 17.114, 0.0 secs.
2026-09-07 08:52:24,680 [DEBUG] core.argyll_runner: [argyll] Re-seeding
2026-09-07 08:52:24,680 [DEBUG] core.argyll_runner: [argyll] It 3: Maxmv = 0.093783, MinPoint = 8.418, Min = 7.548, Avg. = 13.074, Max = 17.417, 0.0 secs.
2026-09-07 08:52:24,680 [DEBUG] core.argyll_runner: [argyll] Re-seeding
2026-09-07 08:52:24,680 [DEBUG] core.argyll_runner: [argyll] It 4: Maxmv = 0.077311, MinPoint = 4.821, Min = 7.877, Avg. = 12.984, Max = 16.708, 0.0 secs.
2026-09-07 08:52:24,681 [DEBUG] core.argyll_runner: [argyll] Re-seeding
2026-09-07 08:52:24,681 [DEBUG] core.argyll_runner: [argyll] It 5: Maxmv = 0.089221, MinPoint = 7.387, Min = 8.104, Avg. = 12.930, Max = 16.445, 0.0 secs.
2026-09-07 08:52:24,681 [DEBUG] core.argyll_runner: [argyll] Re-seeding
2026-09-07 08:52:24,681 [DEBUG] core.argyll_runner: [argyll] It 6: Maxmv = 0.069757, MinPoint = 6.241, Min = 7.119, Avg. = 12.852, Max = 15.841, 0.0 secs.
2026-09-07 08:52:24,682 [DEBUG] core.argyll_runner: [argyll] Re-seeding
2026-09-07 08:52:24,682 [DEBUG] core.argyll_runner: [argyll] It 7: Maxmv = 0.075299, MinPoint = 9.140, Min = 9.050, Avg. = 12.827, Max = 16.313, 0.0 secs.
2026-09-07 08:52:24,682 [DEBUG] core.argyll_runner: [argyll] Re-seeding
2026-09-07 08:52:24,682 [DEBUG] core.argyll_runner: [argyll] It 8: Maxmv = 0.054404, MinPoint = 10.429, Min = 8.418, Avg. = 12.811, Max = 16.222, 0.0 secs.
2026-09-07 08:52:24,683 [DEBUG] core.argyll_runner: [argyll] Re-seeding
2026-09-07 08:52:24,683 [DEBUG] core.argyll_runner: [argyll] It 9: Maxmv = 0.047499, MinPoint = 10.429, Min = 9.367, Avg. = 12.768, Max = 15.738, 0.0 secs.
2026-09-07 08:52:24,683 [DEBUG] core.argyll_runner: [argyll] Re-seeding
2026-09-07 08:52:24,683 [DEBUG] core.argyll_runner: [argyll] It 10: Maxmv = 0.046922, MinPoint = 10.429, Min = 8.596, Avg. = 12.729, Max = 15.473, 0.0 secs.
2026-09-07 08:52:24,684 [DEBUG] core.argyll_runner: [argyll] Re-seeding
2026-09-07 08:52:24,684 [DEBUG] core.argyll_runner: [argyll] It 11: Maxmv = 0.040487, MinPoint = 10.429, Min = 9.479, Avg. = 12.721, Max = 15.481, 0.0 secs.
2026-09-07 08:52:24,684 [DEBUG] core.argyll_runner: [argyll] Re-seeding
2026-09-07 08:52:24,684 [DEBUG] core.argyll_runner: [argyll] It 12: Maxmv = 0.036408, MinPoint = 10.429, Min = 9.329, Avg. = 12.699, Max = 15.408, 0.0 secs.
2026-09-07 08:52:24,685 [DEBUG] core.argyll_runner: [argyll] Re-seeding
2026-09-07 08:52:24,685 [DEBUG] core.argyll_runner: [argyll] It 13: Maxmv = 0.028835, MinPoint = 10.429, Min = 9.578, Avg. = 12.696, Max = 15.313, 0.0 secs.
2026-09-07 08:52:24,685 [DEBUG] core.argyll_runner: [argyll] Re-seeding
2026-09-07 08:52:24,685 [DEBUG] core.argyll_runner: [argyll] It 14: Maxmv = 0.026673, MinPoint = 10.429, Min = 9.498, Avg. = 12.689, Max = 15.012, 0.0 secs.
2026-09-07 08:52:24,686 [DEBUG] core.argyll_runner: [argyll] Re-seeding
2026-09-07 08:52:24,686 [DEBUG] core.argyll_runner: [argyll] It 15: Maxmv = 0.019550, MinPoint = 10.429, Min = 9.590, Avg. = 12.685, Max = 15.130, 0.0 secs.
2026-09-07 08:52:24,686 [DEBUG] core.argyll_runner: [argyll] Re-seeding
2026-09-07 08:52:24,686 [DEBUG] core.argyll_runner: [argyll] It 16: Maxmv = 0.012864, MinPoint = 10.429, Min = 9.543, Avg. = 12.679, Max = 15.160, 0.0 secs.
2026-09-07 08:52:24,687 [DEBUG] core.argyll_runner: [argyll] Re-seeding
2026-09-07 08:52:24,687 [DEBUG] core.argyll_runner: [argyll] It 17: Maxmv = 0.010460, MinPoint = 10.429, Min = 9.475, Avg. = 12.673, Max = 15.317, 0.0 secs.
2026-09-07 08:52:24,687 [DEBUG] core.argyll_runner: [argyll] Re-seeding
2026-09-07 08:52:24,687 [DEBUG] core.argyll_runner: [argyll] It 18: Maxmv = 0.006328, MinPoint = 10.429, Min = 9.452, Avg. = 12.674, Max = 15.410, 0.0 secs.
2026-09-07 08:52:24,688 [DEBUG] core.argyll_runner: [argyll] Re-seeding
2026-09-07 08:52:24,688 [DEBUG] core.argyll_runner: [argyll] It 19: Maxmv = 0.002174, MinPoint = 10.429, Min = 9.433, Avg. = 12.672, Max = 15.445, 0.0 secs.
2026-09-07 08:52:24,688 [DEBUG] core.argyll_runner: [argyll] Re-seeding
2026-09-07 08:52:24,688 [DEBUG] core.argyll_runner: [argyll] It 20: Maxmv = 0.002136, MinPoint = 10.429, Min = 9.414, Avg. = 12.675, Max = 15.482, 0.0 secs.
2026-09-07 08:52:24,689 [DEBUG] core.argyll_runner: [argyll] After optimization: MinPoint = 10.429, Min = 9.414, Avg. = 12.675, Max = 15.482
2026-09-07 08:52:24,689 [DEBUG] core.argyll_runner: [argyll] Total number of patches = 300
2026-09-07 08:52:24,689 [DEBUG] core.argyll_runner: [argyll] Execution time = 0.497286 seconds
2026-09-07 08:52:24,690 [INFO] core.argyll_runner: ArgyllRunner: finished with code 0
2026-09-07 08:52:25,362 [DEBUG] workflow.chart_creator: Wrote channel sidecar A5-Furniture.channels.json: ['r', 'g', 'b']
2026-09-07 08:52:25,442 [DEBUG] ui.tiff_preview: TiffPreview: loaded 1 page(s)
2026-09-07 08:52:25,442 [INFO] ui.tabs.tab_chart: Preview loaded: 1 TIFF(s)
2026-09-07 08:52:25,448 [INFO] ui.tabs.tab_chart: Auto-tagged A5-Furniture.ti2 as randomised (layout is well mixed).
2026-09-07 08:52:25,496 [DEBUG] ui.tiff_preview: TiffPreview: loaded 1 page(s)
2026-09-07 08:52:25,497 [DEBUG] ui.tiff_preview: TiffPreview: loaded 1 page(s)
2026-09-07 08:52:25,502 [DEBUG] ui.tabs.tab_chart: create-chart settings written for run1 (40 parameters + ui state)
2026-09-07 08:52:27,727 [INFO] assess:   armed: dialog ~'already' -> click 'Continue this project' 
2026-09-07 08:52:27,727 [INFO] assess:   armed: dialog ~'quite fill' -> click 'OK' 
2026-09-07 08:52:28,182 [DEBUG] ui.dialogs.layout_options_panel: layout panel set_recipe: spacer=colored/True gaps=0.0/0.0  [open_tool_dialog:2464  ←  <lambda>:4373  ←  _load_chart_from:5422]
2026-09-07 08:52:28,244 [INFO] assess:   [editor] dialog Ti2RelayoutDialog title='Edit / create chart patch set'
2026-09-07 08:52:31,373 [INFO] assess:   shot Screenshots/A9-patch-editor/e10-editor-via-tools.png  (2560x1640)
2026-09-07 08:52:31,526 [INFO] assess:   [apply-or-save] dialog QDialog title='Apply or save this patch set'
2026-09-07 08:52:31,555 [INFO] assess:   shot Screenshots/A9-patch-editor/e11-apply-or-save.png  (1370x594)
2026-09-07 08:52:31,555 [INFO] assess:     clicking 'Overwrite'
2026-09-07 08:52:32,269 [INFO] ui.tabs.tab_chart: chart build (user) in manual: patch set edited_patch_set.ti1 | manual panel: A4, 0x0 grid, margins T38.0 R9.0 B19.0 L26.0
2026-09-07 08:52:32,270 [DEBUG] core.settings: settings.set session_ti3_path = ''
2026-09-07 08:52:32,270 [DEBUG] core.settings: settings.set session_icc_path = ''
2026-09-07 08:52:32,270 [DEBUG] core.settings: settings.set session_cal_ti3_path = ''
2026-09-07 08:52:32,270 [DEBUG] core.file_manager: Target name set to: A5-Furniture (root /Users/Basti/ChromIQ-assessment/A5-Furniture)
2026-09-07 08:52:32,270 [INFO] core.file_manager: opened the EXISTING project at /Users/Basti/ChromIQ-assessment/A5-Furniture (1 run(s) on disk)
2026-09-07 08:52:32,942 [DEBUG] workflow.chart_creator: Wrote channel sidecar A5-Furniture.channels.json: ['r', 'g', 'b']
2026-09-07 08:52:33,019 [DEBUG] ui.tiff_preview: TiffPreview: loaded 1 page(s)
2026-09-07 08:52:33,019 [INFO] ui.tabs.tab_chart: Preview loaded: 1 TIFF(s)
2026-09-07 08:52:33,025 [INFO] ui.tabs.tab_chart: Auto-tagged A5-Furniture.ti2 as randomised (layout is well mixed).
2026-09-07 08:52:33,057 [DEBUG] ui.tiff_preview: TiffPreview: loaded 1 page(s)
2026-09-07 08:52:33,059 [DEBUG] ui.tiff_preview: TiffPreview: loaded 1 page(s)
2026-09-07 08:52:38,464 [INFO] assess:   shot Screenshots/A9-patch-editor/e12-after-overwrite.png  (3400x2100)
2026-09-07 08:52:38,465 [INFO] assess: [editor] {'seen': True, 'err': None, 'diff_editor_vs_tab': {}, 'apply_enabled': True, 'apply_dialog_buttons': ['Overwrite', 'Save As…', 'Cancel'], 'tab_recipe_diff_after_apply': {}, 'applied_active': False, 'actual_before': {'total': 304, 'fillup': 4, 'page_patches': 304, 'rows': 19, 'cols': 16, 'pages': 1, 'patch': (10.92, 11.51), 'pitch': None}, 'actual_after': {'total': 304, 'fillup': 0, 'page_patches': 304, 'rows': 19, 'cols': 16, 'pages': 1, 'patch': (10.92, 11.51), 'pitch': None}, 'estimate_after': {'total': 329, 'fillup': 25, 'page_patches': 329, 'rows': 47, 'cols': 7, 'pages': 1, 'patch': (4.06, 4.08), 'pitch': None}, 'info': 'your current configuration (1 page · Auto grey/white/black):\ntargen -d2 -f300 -e3 -B3 -G -g17 chart\nChromIQ layout engine · i1 · A4 portrait · 300 dpi · margins 38/9/19/26 mm · area-fit ≥4 mm · clip border on\nLayout preset: i1 · A4 portrait · clip   ● modified', 'override_targen': (True, False), 'override_printtarg': (False, False), 'panel_enabled': True, 'generate_enabled': True, 'log_tail': ['[ChromIQ layout engine] building chart from the targen .ti1…', '[ChromIQ layout engine] Drawing the pages. This part runs in one go and cannot be stopped, so the window will not respond until it is finished.', '[ChromIQ layout engine] 304 patches (19×16), 1 page, random start 31091927', '[ChromIQ layout engine] note: low patch/spacer contrast in 3 strips']}
2026-09-07 08:52:38,465 [INFO] assess:   json Test Runs/logs/d05b_results.json
2026-09-07 08:52:38,465 [INFO] assess:   armed: dialog ~'already' -> click 'Continue this project' 
2026-09-07 08:52:38,465 [INFO] assess:   armed: dialog ~'quite fill' -> click 'OK' 
2026-09-07 08:52:38,465 [INFO] ui.tabs.tab_chart: chart build (Generate Chart) in manual: patch set targen | manual panel: A4, 0x0 grid, margins T38.0 R9.0 B19.0 L26.0
2026-09-07 08:52:38,465 [INFO] ui.tabs.tab_chart: chart build (live preview) in manual: patch set edited_patch_set.ti1 | manual panel: A4, 0x0 grid, margins T38.0 R9.0 B19.0 L26.0
2026-09-07 08:52:38,466 [DEBUG] core.settings: settings.set session_ti3_path = ''
2026-09-07 08:52:38,466 [DEBUG] core.settings: settings.set session_icc_path = ''
2026-09-07 08:52:38,466 [DEBUG] core.settings: settings.set session_cal_ti3_path = ''
2026-09-07 08:52:38,466 [DEBUG] core.file_manager: Target name set to: A5-Furniture (root /Users/Basti/ChromIQ-assessment/A5-Furniture)
2026-09-07 08:52:38,466 [INFO] core.file_manager: opened the EXISTING project at /Users/Basti/ChromIQ-assessment/A5-Furniture (1 run(s) on disk)
2026-09-07 08:52:39,134 [DEBUG] workflow.chart_creator: Wrote channel sidecar A5-Furniture.channels.json: ['r', 'g', 'b']
2026-09-07 08:52:39,213 [DEBUG] ui.tiff_preview: TiffPreview: loaded 1 page(s)
2026-09-07 08:52:39,213 [INFO] ui.tabs.tab_chart: Preview loaded: 1 TIFF(s)
2026-09-07 08:52:39,218 [INFO] ui.tabs.tab_chart: Auto-tagged A5-Furniture.ti2 as randomised (layout is well mixed).
2026-09-07 08:52:39,251 [DEBUG] ui.tiff_preview: TiffPreview: loaded 1 page(s)
2026-09-07 08:52:39,252 [DEBUG] ui.tiff_preview: TiffPreview: loaded 1 page(s)
2026-09-07 08:52:42,060 [INFO] assess: [after apply generate] {'actual': {'total': 304, 'fillup': 0, 'page_patches': 304, 'rows': 19, 'cols': 16, 'pages': 1, 'patch': (10.92, 11.51), 'pitch': None}, 'recipe': {'instrument': 'i1', 'paper': 'A4', 'layout_mode': 'area_first', 'area_method': 'by_width', 'patch_w_mm': 0.0, 'patch_h_mm': 0.0, 'margin_top': 38.0, 'margin_right': 9.0, 'margin_bottom': 19.0, 'margin_left': 26.0, 'use_instrument_margins': True, 'clip_border': True, 'clip_content_mode': 'off', 'chart_text': '', 'helper_markers': False, 'show_row_indicators': None, 'pscale': 1.0, 'spacer_mode': 'colored', 'indicator_size_mm': 0.0, 'randomize': False, 'dpi': 300, 'hflag': False}, 'applied_active': False, 'info': '\ntargen -d2 -f300 -e3 -B3 -G -g17 chart\nChromIQ layout engine · i1 · A4 portrait · 300 dpi · margins 38/9/19/26 mm · area-fit ≥4 mm · clip border on\nLayout preset: i1 · A4 portrait · clip   ● modified'}
2026-09-07 08:52:42,062 [INFO] assess:   json Test Runs/logs/d05b_results.json
2026-09-07 08:52:42,072 [DEBUG] ui.tiff_preview: TiffPreview: loaded 0 page(s)
2026-09-07 08:52:42,074 [DEBUG] core.settings: settings.set session_ti1_path = ''
2026-09-07 08:52:43,256 [DEBUG] core.settings: settings.set use_chromiq_layout_engine = False
2026-09-07 08:52:44,235 [INFO] assess:   armed: dialog ~'quite fill' -> click 'OK' 
2026-09-07 08:52:44,235 [INFO] assess:   armed: dialog ~'already' -> click 'Continue this project' 
2026-09-07 08:52:44,236 [INFO] ui.tabs.tab_chart: chart build (Generate Chart) in manual: patch set targen | manual panel: A4, 0x0 grid, margins T38.0 R9.0 B19.0 L26.0
2026-09-07 08:52:44,237 [INFO] ui.tabs.tab_chart: chart build (live preview) in manual: patch set edited_patch_set.ti1 | manual panel: A4, 0x0 grid, margins T38.0 R9.0 B19.0 L26.0
2026-09-07 08:52:44,238 [DEBUG] core.settings: settings.set session_ti3_path = ''
2026-09-07 08:52:44,239 [DEBUG] core.settings: settings.set session_icc_path = ''
2026-09-07 08:52:44,239 [DEBUG] core.settings: settings.set session_cal_ti3_path = ''
2026-09-07 08:52:44,239 [DEBUG] core.file_manager: Target name set to: A5-Furniture (root /Users/Basti/ChromIQ-assessment/A5-Furniture)
2026-09-07 08:52:44,240 [INFO] core.file_manager: opened the EXISTING project at /Users/Basti/ChromIQ-assessment/A5-Furniture (1 run(s) on disk)
2026-09-07 08:52:44,241 [INFO] ui.tabs.tab_chart: Create Chart: build target run → run2 (new run)
2026-09-07 08:52:44,242 [INFO] ui.tabs.tab_chart: run description + chart notes written to run2
2026-09-07 08:52:44,243 [INFO] ui.tabs.tab_chart: New run run2 adopted 40 stored setting(s)
2026-09-07 08:52:44,249 [DEBUG] ui.tabs.tab_chart: create-chart settings written for run2 (40 parameters + ui state)
2026-09-07 08:52:44,249 [DEBUG] ui.tabs.tab_chart: ui-state: kept the Guided row this build used (the run's stored copy is the older one)
2026-09-07 08:52:44,249 [DEBUG] ui.tabs.tab_chart: ui-state: kept the layout this build used (the run's stored copy is the older one)
2026-09-07 08:52:44,252 [DEBUG] workflow.chart_creator: printtarg args (from ti1): ['-ii1', '-pA4', '-t300', '-L', '-M6', 'A5-Furniture']
2026-09-07 08:52:44,252 [INFO] core.argyll_runner: Run: /Applications/Argyll/bin/printtarg -ii1 -pA4 -t300 -L -M6 A5-Furniture  [cwd=/Users/Basti/ChromIQ-assessment/A5-Furniture/runs/run2]
2026-09-07 08:52:44,598 [INFO] core.argyll_runner: ArgyllRunner: finished with code 0
2026-09-07 08:52:44,599 [INFO] workflow.chart_creator: printtarg produced 1 TIFF(s) in /Users/Basti/ChromIQ-assessment/A5-Furniture/runs/run2
2026-09-07 08:52:44,599 [DEBUG] workflow.chart_creator: Wrote channel sidecar A5-Furniture.channels.json: ['r', 'g', 'b']
2026-09-07 08:52:44,711 [INFO] workflow.chart_creator: Captured scanner .cht geometry for A5-Furniture: 1 page(s), 315 patches
2026-09-07 08:52:44,798 [DEBUG] ui.tiff_preview: TiffPreview: loaded 1 page(s)
2026-09-07 08:52:44,798 [INFO] ui.tabs.tab_chart: Preview loaded: 1 TIFF(s)
2026-09-07 08:52:45,018 [DEBUG] ui.tiff_preview: TiffPreview: loaded 1 page(s)
2026-09-07 08:52:45,019 [DEBUG] ui.tiff_preview: TiffPreview: loaded 1 page(s)
2026-09-07 08:52:45,118 [INFO] ui.tabs.tab_measure: Uniform strip detection: 15 strips, block x=28–599 (scaled)
2026-09-07 08:52:49,616 [INFO] assess: F-003 re-check: {'before': {'-i': 'i1', '-p': 'A4', '-L': False, '-a': 1.0, '-m': 6}, 'cmd_before': 'printtarg -ii1 -pA4 -t300 -M6 -r -c chart', 'during': {'-i': 'i1', '-p': 'A4', '-L': True, '-a': 1.0, '-m': 6}, 'right_after': {'-i': 'i1', '-p': 'A4', '-L': True, '-a': 1.0, '-m': 6}, 'after_3s': {'-i': 'i1', '-p': 'A4', '-L': True, '-a': 1.0, '-m': 6}, 'meta': {'printtarg-L': {'enabled': True, 'value': True}, 'printtarg-a': {'enabled': True, 'value': 1.0}, 'printtarg-m': {'enabled': False, 'value': 6}}, 'sidecar_create_chart_settings': {'printtarg-L': {'enabled': True, 'value': True}, 'printtarg-a': {'enabled': True, 'value': 1.0}}, 'sidecar_printtarg_fields': [{'flag': '-L', 'value': True, 'enabled': True}, {'flag': '-a', 'value': 1.0, 'enabled': True}], 'run': '/Users/Basti/ChromIQ-assessment/A5-Furniture/runs/run2', 'log_cmd': []}
2026-09-07 08:52:49,776 [INFO] assess:   shot Screenshots/A6-info-panels/f003-after-printtarg-build.png  (3400x2100)
2026-09-07 08:52:49,776 [INFO] assess:   json Test Runs/logs/d05b_results.json
2026-09-07 08:52:49,776 [DEBUG] core.settings: settings.set use_chromiq_layout_engine = True
2026-09-07 08:52:49,777 [DEBUG] ui.dialogs.layout_options_panel: layout panel set_recipe: spacer=colored/True gaps=0.0/0.0  [_on_manual_engine_toggled:5062  ←  _convert_printtarg_to_engine:5156  ←  _set_engine_recipe:17986]
2026-09-07 08:52:49,813 [DEBUG] core.settings: settings.set helper_markers_show = False
2026-09-07 08:52:49,813 [DEBUG] core.settings: settings.set helper_marker_edge_mm = 2.0
2026-09-07 08:52:49,813 [DEBUG] core.settings: settings.set helper_marker_len_mm = 2.0
2026-09-07 08:52:49,813 [DEBUG] core.settings: settings.set helper_marker_per_patch = 3
2026-09-07 08:52:49,813 [DEBUG] core.settings: settings.set helper_markers_top_bottom = True
2026-09-07 08:52:49,813 [DEBUG] core.settings: settings.set helper_markers_sides = True
2026-09-07 08:52:49,846 [DEBUG] core.settings: settings.set helper_markers_show = False
2026-09-07 08:52:49,846 [DEBUG] core.settings: settings.set helper_marker_edge_mm = 2.0
2026-09-07 08:52:49,846 [DEBUG] core.settings: settings.set helper_marker_len_mm = 2.0
2026-09-07 08:52:49,846 [DEBUG] core.settings: settings.set helper_marker_per_patch = 3
2026-09-07 08:52:49,846 [DEBUG] core.settings: settings.set helper_markers_top_bottom = True
2026-09-07 08:52:49,846 [DEBUG] core.settings: settings.set helper_markers_sides = True
2026-09-07 08:52:51,025 [DEBUG] core.settings: settings.set helper_markers_show = False
2026-09-07 08:52:51,025 [DEBUG] core.settings: settings.set helper_marker_edge_mm = 2.0
2026-09-07 08:52:51,025 [DEBUG] core.settings: settings.set helper_marker_len_mm = 2.0
2026-09-07 08:52:51,025 [DEBUG] core.settings: settings.set helper_marker_per_patch = 3
2026-09-07 08:52:51,025 [DEBUG] core.settings: settings.set helper_markers_top_bottom = True
2026-09-07 08:52:51,025 [DEBUG] core.settings: settings.set helper_markers_sides = True
2026-09-07 08:52:51,151 [INFO] assess:   armed: dialog ~'quite fill' -> click 'OK' 
2026-09-07 08:52:51,151 [INFO] assess:   armed: dialog ~'already' -> click 'Continue this project' 
2026-09-07 08:52:51,151 [INFO] ui.tabs.tab_chart: chart build (Generate Chart) in manual: patch set targen | manual panel: A4, 0x0 grid, margins T38.0 R9.0 B19.0 L26.0
2026-09-07 08:52:51,152 [INFO] ui.tabs.tab_chart: chart build (live preview) in manual: patch set edited_patch_set.ti1 | manual panel: A4, 0x0 grid, margins T38.0 R9.0 B19.0 L26.0
2026-09-07 08:52:51,152 [DEBUG] core.settings: settings.set session_ti3_path = ''
2026-09-07 08:52:51,153 [DEBUG] core.settings: settings.set session_icc_path = ''
2026-09-07 08:52:51,153 [DEBUG] core.settings: settings.set session_cal_ti3_path = ''
2026-09-07 08:52:51,153 [DEBUG] core.file_manager: Target name set to: A5-Furniture (root /Users/Basti/ChromIQ-assessment/A5-Furniture)
2026-09-07 08:52:51,153 [INFO] core.file_manager: opened the EXISTING project at /Users/Basti/ChromIQ-assessment/A5-Furniture (2 run(s) on disk)
2026-09-07 08:52:51,549 [DEBUG] workflow.chart_creator: Wrote channel sidecar A5-Furniture.channels.json: ['r', 'g', 'b']
2026-09-07 08:52:51,625 [DEBUG] ui.tiff_preview: TiffPreview: loaded 1 page(s)
2026-09-07 08:52:51,625 [INFO] ui.tabs.tab_chart: Preview loaded: 1 TIFF(s)
2026-09-07 08:52:51,666 [DEBUG] ui.tiff_preview: TiffPreview: loaded 1 page(s)
2026-09-07 08:52:51,667 [DEBUG] ui.tiff_preview: TiffPreview: loaded 1 page(s)
2026-09-07 08:52:51,671 [DEBUG] ui.tabs.tab_chart: create-chart settings written for run2 (40 parameters + ui state)
2026-09-07 08:52:53,877 [DEBUG] core.settings: settings.set auto_update_preview = True
2026-09-07 08:52:53,920 [DEBUG] core.settings: settings.set helper_markers_show = False
2026-09-07 08:52:53,920 [DEBUG] core.settings: settings.set helper_marker_edge_mm = 2.0
2026-09-07 08:52:53,920 [DEBUG] core.settings: settings.set helper_marker_len_mm = 2.0
2026-09-07 08:52:53,920 [DEBUG] core.settings: settings.set helper_marker_per_patch = 3
2026-09-07 08:52:53,920 [DEBUG] core.settings: settings.set helper_markers_top_bottom = True
2026-09-07 08:52:53,920 [DEBUG] core.settings: settings.set helper_markers_sides = True
2026-09-07 08:52:54,243 [DEBUG] core.settings: settings.set helper_markers_show = False
2026-09-07 08:52:54,243 [DEBUG] core.settings: settings.set helper_marker_edge_mm = 2.0
2026-09-07 08:52:54,243 [DEBUG] core.settings: settings.set helper_marker_len_mm = 2.0
2026-09-07 08:52:54,243 [DEBUG] core.settings: settings.set helper_marker_per_patch = 3
2026-09-07 08:52:54,243 [DEBUG] core.settings: settings.set helper_markers_top_bottom = True
2026-09-07 08:52:54,243 [DEBUG] core.settings: settings.set helper_markers_sides = True
2026-09-07 08:52:54,656 [INFO] ui.tabs.tab_chart: chart build (live preview) in manual: patch set A5-Furniture.ti1 | manual panel: A4, 0x0 grid, margins T38.0 R9.0 B19.0 L26.0
2026-09-07 08:52:54,658 [DEBUG] core.settings: settings.set session_ti3_path = ''
2026-09-07 08:52:54,658 [DEBUG] core.settings: settings.set session_icc_path = ''
2026-09-07 08:52:54,658 [DEBUG] core.settings: settings.set session_cal_ti3_path = ''
2026-09-07 08:52:54,659 [DEBUG] core.file_manager: Target name set to: A5-Furniture (root /Users/Basti/ChromIQ-assessment/A5-Furniture)
2026-09-07 08:52:54,660 [INFO] core.file_manager: opened the EXISTING project at /Users/Basti/ChromIQ-assessment/A5-Furniture (2 run(s) on disk)
2026-09-07 08:52:55,013 [DEBUG] workflow.chart_creator: Wrote channel sidecar A5-Furniture.channels.json: ['r', 'g', 'b']
2026-09-07 08:52:55,166 [DEBUG] ui.tiff_preview: TiffPreview: loaded 2 page(s)
2026-09-07 08:52:55,166 [INFO] ui.tabs.tab_chart: Preview loaded: 2 TIFF(s)
2026-09-07 08:52:55,209 [DEBUG] ui.tiff_preview: TiffPreview: loaded 2 page(s)
2026-09-07 08:52:55,210 [DEBUG] ui.tiff_preview: TiffPreview: loaded 2 page(s)
2026-09-07 08:52:55,214 [DEBUG] ui.tabs.tab_chart: create-chart settings written for run2 (40 parameters + ui state)
2026-09-07 08:52:59,435 [INFO] assess:   TIMEOUT waiting 5000 ms for first auto build
2026-09-07 08:53:09,499 [DEBUG] core.settings: settings.set helper_markers_show = True
2026-09-07 08:53:09,499 [DEBUG] core.settings: settings.set helper_marker_edge_mm = 2.0
2026-09-07 08:53:09,499 [DEBUG] core.settings: settings.set helper_marker_len_mm = 2.0
2026-09-07 08:53:09,499 [DEBUG] core.settings: settings.set helper_marker_per_patch = 3
2026-09-07 08:53:09,499 [DEBUG] core.settings: settings.set helper_markers_top_bottom = True
2026-09-07 08:53:09,499 [DEBUG] core.settings: settings.set helper_markers_sides = True
2026-09-07 08:53:09,913 [INFO] ui.tabs.tab_chart: chart build (live preview) in manual: patch set A5-Furniture.ti1 | manual panel: A4, 0x0 grid, margins T38.0 R9.0 B19.0 L26.0
2026-09-07 08:53:09,913 [DEBUG] core.settings: settings.set session_ti3_path = ''
2026-09-07 08:53:09,913 [DEBUG] core.settings: settings.set session_icc_path = ''
2026-09-07 08:53:09,913 [DEBUG] core.settings: settings.set session_cal_ti3_path = ''
2026-09-07 08:53:09,914 [DEBUG] core.file_manager: Target name set to: A5-Furniture (root /Users/Basti/ChromIQ-assessment/A5-Furniture)
2026-09-07 08:53:09,914 [INFO] core.file_manager: opened the EXISTING project at /Users/Basti/ChromIQ-assessment/A5-Furniture (2 run(s) on disk)
2026-09-07 08:53:10,254 [DEBUG] workflow.chart_creator: Wrote channel sidecar A5-Furniture.channels.json: ['r', 'g', 'b']
2026-09-07 08:53:10,406 [DEBUG] ui.tiff_preview: TiffPreview: loaded 2 page(s)
2026-09-07 08:53:10,406 [INFO] ui.tabs.tab_chart: Preview loaded: 2 TIFF(s)
2026-09-07 08:53:10,698 [DEBUG] ui.tiff_preview: TiffPreview: loaded 2 page(s)
2026-09-07 08:53:10,700 [DEBUG] ui.tiff_preview: TiffPreview: loaded 2 page(s)
2026-09-07 08:53:10,704 [DEBUG] ui.tabs.tab_chart: create-chart settings written for run2 (40 parameters + ui state)
2026-09-07 08:53:14,765 [DEBUG] core.settings: settings.set helper_markers_show = True
2026-09-07 08:53:14,765 [DEBUG] core.settings: settings.set helper_marker_edge_mm = 2.0
2026-09-07 08:53:14,765 [DEBUG] core.settings: settings.set helper_marker_len_mm = 2.0
2026-09-07 08:53:14,765 [DEBUG] core.settings: settings.set helper_marker_per_patch = 3
2026-09-07 08:53:14,765 [DEBUG] core.settings: settings.set helper_markers_top_bottom = True
2026-09-07 08:53:14,765 [DEBUG] core.settings: settings.set helper_markers_sides = True
2026-09-07 08:53:15,167 [INFO] ui.tabs.tab_chart: chart build (live preview) in manual: patch set A5-Furniture.ti1 | manual panel: A4, 0x0 grid, margins T38.0 R9.0 B19.0 L26.0
2026-09-07 08:53:15,168 [DEBUG] core.settings: settings.set session_ti3_path = ''
2026-09-07 08:53:15,168 [DEBUG] core.settings: settings.set session_icc_path = ''
2026-09-07 08:53:15,168 [DEBUG] core.settings: settings.set session_cal_ti3_path = ''
2026-09-07 08:53:15,168 [DEBUG] core.file_manager: Target name set to: A5-Furniture (root /Users/Basti/ChromIQ-assessment/A5-Furniture)
2026-09-07 08:53:15,169 [INFO] core.file_manager: opened the EXISTING project at /Users/Basti/ChromIQ-assessment/A5-Furniture (2 run(s) on disk)
2026-09-07 08:53:15,511 [DEBUG] workflow.chart_creator: Wrote channel sidecar A5-Furniture.channels.json: ['r', 'g', 'b']
2026-09-07 08:53:15,666 [DEBUG] ui.tiff_preview: TiffPreview: loaded 2 page(s)
2026-09-07 08:53:15,666 [INFO] ui.tabs.tab_chart: Preview loaded: 2 TIFF(s)
2026-09-07 08:53:15,961 [DEBUG] ui.tiff_preview: TiffPreview: loaded 2 page(s)
2026-09-07 08:53:15,962 [DEBUG] ui.tiff_preview: TiffPreview: loaded 2 page(s)
2026-09-07 08:53:15,966 [DEBUG] ui.tabs.tab_chart: create-chart settings written for run2 (40 parameters + ui state)
2026-09-07 08:53:19,988 [INFO] assess: A7: {'builds_for_two_nudges_150ms_apart': 0, 'first_build_after_s': 5.56} {'builds_for_notes_edit': 0} {'builds_for_helper_marker_toggle': 0} {'builds_for_spacer_bw': 0}
2026-09-07 08:53:20,147 [INFO] assess:   shot Screenshots/A7-auto-preview/a10-after-debounce-tests.png  (3400x2100)
2026-09-07 08:53:20,148 [DEBUG] core.settings: settings.set auto_update_preview = False
2026-09-07 08:53:20,148 [INFO] assess:   json Test Runs/logs/d05b_results.json
2026-09-07 08:53:20,148 [INFO] assess: unexpected: [('QMessageBox', '', 'A preset named “AssessPresetA” already exists. Overwrite it, or cancel and choos')] serious: []
2026-09-07 08:53:20,149 [DEBUG] core.settings: settings.set window_geometry = PyQt6.QtCore.QByteArray(b'\x01\xd9\xd0\xcb\x00\x03\x00\x00\x00\x00\x00\n\x00\x00\x00&\x00\x00\x06\xad\x00\x00\x04[\x00\x00\x00\n\x00\x00\x00B\x00\x00\x06\xad\x00\x00\x04[\x00\x00\x00\x00\x00\x00\x00\x00\x06\xc0\x00\x00\x00\n\x00\x00\x00B\x00\x00\x06\xad\x00\x00\x04[')
2026-09-07 08:53:20,149 [DEBUG] core.settings: settings.set window_maximized = False
2026-09-07 08:53:20,149 [DEBUG] core.settings: settings.set window_fullscreen = False
2026-09-07 08:53:20,361 [DEBUG] core.settings: settings.set active_tab = 0
2026-09-07 08:53:20,361 [DEBUG] core.settings: settings.set session_target_name = 'A5-Furniture'
2026-09-07 08:53:20,361 [DEBUG] core.settings: settings.set session_project_root = ''
2026-09-07 08:53:20,361 [INFO] core.argyll_runner: ArgyllRunner: cleanup complete
